Archive member included because of file (symbol)

/home/hcx/Java/CodeSourcery/Sourcery_G++_Lite/bin/../lib/gcc/arm-none-eabi/4.5.2/../../../../arm-none-eabi/lib/thumb2/libc.a(lib_a-atoi.o)
                              objs/common/ntshell_cmd/decoder_ntshell.o (atoi)
/home/hcx/Java/CodeSourcery/Sourcery_G++_Lite/bin/../lib/gcc/arm-none-eabi/4.5.2/../../../../arm-none-eabi/lib/thumb2/libc.a(lib_a-getopt.o)
                              objs/common/ntshell_cmd/decoder_ntshell.o (getopt)
/home/hcx/Java/CodeSourcery/Sourcery_G++_Lite/bin/../lib/gcc/arm-none-eabi/4.5.2/../../../../arm-none-eabi/lib/thumb2/libc.a(lib_a-impure.o)
                              /home/hcx/Java/CodeSourcery/Sourcery_G++_Lite/bin/../lib/gcc/arm-none-eabi/4.5.2/../../../../arm-none-eabi/lib/thumb2/libc.a(lib_a-getopt.o) (_impure_ptr)
/home/hcx/Java/CodeSourcery/Sourcery_G++_Lite/bin/../lib/gcc/arm-none-eabi/4.5.2/../../../../arm-none-eabi/lib/thumb2/libc.a(lib_a-memcmp.o)
                              /home/hcx/Java/CodeSourcery/Sourcery_G++_Lite/bin/../lib/gcc/arm-none-eabi/4.5.2/../../../../arm-none-eabi/lib/thumb2/libc.a(lib_a-getopt.o) (memcmp)
/home/hcx/Java/CodeSourcery/Sourcery_G++_Lite/bin/../lib/gcc/arm-none-eabi/4.5.2/../../../../arm-none-eabi/lib/thumb2/libc.a(lib_a-memset.o)
                              objs/modules/signal/iteration.o (memset)
/home/hcx/Java/CodeSourcery/Sourcery_G++_Lite/bin/../lib/gcc/arm-none-eabi/4.5.2/../../../../arm-none-eabi/lib/thumb2/libc.a(lib_a-printf.o)
                              objs/common/ntshell_cmd/control_ntshell.o (printf)
/home/hcx/Java/CodeSourcery/Sourcery_G++_Lite/bin/../lib/gcc/arm-none-eabi/4.5.2/../../../../arm-none-eabi/lib/thumb2/libc.a(lib_a-puts.o)
                              objs/modules/device/speaker.o (puts)
/home/hcx/Java/CodeSourcery/Sourcery_G++_Lite/bin/../lib/gcc/arm-none-eabi/4.5.2/../../../../arm-none-eabi/lib/thumb2/libc.a(lib_a-strchr.o)
                              /home/hcx/Java/CodeSourcery/Sourcery_G++_Lite/bin/../lib/gcc/arm-none-eabi/4.5.2/../../../../arm-none-eabi/lib/thumb2/libc.a(lib_a-getopt.o) (strchr)
/home/hcx/Java/CodeSourcery/Sourcery_G++_Lite/bin/../lib/gcc/arm-none-eabi/4.5.2/../../../../arm-none-eabi/lib/thumb2/libc.a(lib_a-strcmp.o)
                              /home/hcx/Java/CodeSourcery/Sourcery_G++_Lite/bin/../lib/gcc/arm-none-eabi/4.5.2/../../../../arm-none-eabi/lib/thumb2/libc.a(lib_a-getopt.o) (strcmp)
/home/hcx/Java/CodeSourcery/Sourcery_G++_Lite/bin/../lib/gcc/arm-none-eabi/4.5.2/../../../../arm-none-eabi/lib/thumb2/libc.a(lib_a-strlen.o)
                              /home/hcx/Java/CodeSourcery/Sourcery_G++_Lite/bin/../lib/gcc/arm-none-eabi/4.5.2/../../../../arm-none-eabi/lib/thumb2/libc.a(lib_a-getopt.o) (strlen)
/home/hcx/Java/CodeSourcery/Sourcery_G++_Lite/bin/../lib/gcc/arm-none-eabi/4.5.2/../../../../arm-none-eabi/lib/thumb2/libc.a(lib_a-strtol.o)
                              /home/hcx/Java/CodeSourcery/Sourcery_G++_Lite/bin/../lib/gcc/arm-none-eabi/4.5.2/../../../../arm-none-eabi/lib/thumb2/libc.a(lib_a-atoi.o) (_strtol_r)
/home/hcx/Java/CodeSourcery/Sourcery_G++_Lite/bin/../lib/gcc/arm-none-eabi/4.5.2/../../../../arm-none-eabi/lib/thumb2/libc.a(lib_a-vfprintf.o)
                              /home/hcx/Java/CodeSourcery/Sourcery_G++_Lite/bin/../lib/gcc/arm-none-eabi/4.5.2/../../../../arm-none-eabi/lib/thumb2/libc.a(lib_a-printf.o) (_vfprintf_r)
/home/hcx/Java/CodeSourcery/Sourcery_G++_Lite/bin/../lib/gcc/arm-none-eabi/4.5.2/../../../../arm-none-eabi/lib/thumb2/libc.a(lib_a-wsetup.o)
                              /home/hcx/Java/CodeSourcery/Sourcery_G++_Lite/bin/../lib/gcc/arm-none-eabi/4.5.2/../../../../arm-none-eabi/lib/thumb2/libc.a(lib_a-vfprintf.o) (__swsetup_r)
/home/hcx/Java/CodeSourcery/Sourcery_G++_Lite/bin/../lib/gcc/arm-none-eabi/4.5.2/../../../../arm-none-eabi/lib/thumb2/libc.a(lib_a-ctype_.o)
                              /home/hcx/Java/CodeSourcery/Sourcery_G++_Lite/bin/../lib/gcc/arm-none-eabi/4.5.2/../../../../arm-none-eabi/lib/thumb2/libc.a(lib_a-strtol.o) (__ctype_ptr__)
/home/hcx/Java/CodeSourcery/Sourcery_G++_Lite/bin/../lib/gcc/arm-none-eabi/4.5.2/../../../../arm-none-eabi/lib/thumb2/libc.a(lib_a-dtoa.o)
                              /home/hcx/Java/CodeSourcery/Sourcery_G++_Lite/bin/../lib/gcc/arm-none-eabi/4.5.2/../../../../arm-none-eabi/lib/thumb2/libc.a(lib_a-vfprintf.o) (_dtoa_r)
/home/hcx/Java/CodeSourcery/Sourcery_G++_Lite/bin/../lib/gcc/arm-none-eabi/4.5.2/../../../../arm-none-eabi/lib/thumb2/libc.a(lib_a-fflush.o)
                              /home/hcx/Java/CodeSourcery/Sourcery_G++_Lite/bin/../lib/gcc/arm-none-eabi/4.5.2/../../../../arm-none-eabi/lib/thumb2/libc.a(lib_a-vfprintf.o) (_fflush_r)
/home/hcx/Java/CodeSourcery/Sourcery_G++_Lite/bin/../lib/gcc/arm-none-eabi/4.5.2/../../../../arm-none-eabi/lib/thumb2/libc.a(lib_a-findfp.o)
[...]
Memory Configuration

Name             Origin             Length             Attributes
flash            0x00000000         0x00080000
sram             0x1fff8000         0x00010000
*default*        0x00000000         0xffffffff

Linker script and memory map

LOAD /home/hcx/Java/CodeSourcery/Sourcery_G++_Lite/bin/../lib/gcc/arm-none-eabi/4.5.2/thumb2/crti.o
LOAD /home/hcx/Java/CodeSourcery/Sourcery_G++_Lite/bin/../lib/gcc/arm-none-eabi/4.5.2/thumb2/crtbegin.o
LOAD objs/arch/arm/k60/startup/start.o
LOAD objs/arch/arm/k60/analog/adc.o
LOAD objs/arch/arm/k60/clock/sysinit.o
LOAD objs/arch/arm/k60/comi/sdhc.o
LOAD objs/arch/arm/k60/comi/sd_rw.o
LOAD objs/arch/arm/k60/comi/spi.o
LOAD objs/arch/arm/k60/comi/target_serial.o
LOAD objs/arch/arm/k60/core/common.o
LOAD objs/arch/arm/k60/core/exception.o
LOAD objs/arch/arm/k60/core/sys_timer.o
LOAD objs/arch/arm/k60/hmi/gpio.o
LOAD objs/arch/arm/k60/memory/flexbus.o
LOAD objs/arch/arm/k60/system/wdog.o
LOAD objs/arch/arm/k60/timer/ftm_decoder.o
LOAD objs/arch/arm/k60/timer/ftm_pwm.o
LOAD objs/arch/arm/k60/timer/ftm_timer.o
LOAD objs/arch/arm/k60/timer/lptmr.o
LOAD objs/arch/arm/k60/timer/pit.o
LOAD objs/modules/comm/mmc.o
LOAD objs/modules/comm/sd.o
LOAD objs/modules/comm/sd_send.o
LOAD objs/modules/comm/serial.o
LOAD objs/modules/comm/telecontrol.o
LOAD objs/modules/device/light.o
LOAD objs/modules/device/motor.o
LOAD objs/modules/device/motor_robot.o
LOAD objs/modules/device/speaker.o
LOAD objs/modules/device/steer.o
LOAD objs/modules/device/switch.o
LOAD objs/modules/sensor/accelerometer.o
LOAD objs/modules/sensor/decoder.o
LOAD objs/modules/sensor/gyro.o
LOAD objs/modules/sensor/infrared.o
LOAD objs/modules/signal/image_process.o
LOAD objs/modules/signal/iteration.o
LOAD objs/modules/signal/mid_fil.o
LOAD objs/modules/signal/otsu.o
LOAD objs/common/target_libc.o
LOAD objs/common/ntshell_cmd/control_ntshell.o
LOAD objs/common/ntshell_cmd/decoder_ntshell.o
LOAD objs/common/ntshell_cmd/help_ntshell.o
LOAD objs/common/ntshell_cmd/light_ntshell.o
LOAD objs/common/ntshell_cmd/motor_ntshell.o
LOAD objs/common/ntshell_cmd/sd_ntshell.o
LOAD objs/common/ntshell_cmd/speaker_ntshell.o
LOAD objs/common/ntshell_cmd/sram_ntshell.o
LOAD objs/common/ntshell_cmd/switch_ntshell.o
LOAD objs/common/ntshell_cmd/task_ntshell.o
LOAD objs/library/ntshell/ntlibc.o
LOAD objs/library/ntshell/ntopt.o
LOAD objs/library/ntshell/ntshell.o
LOAD objs/library/ntshell/text_editor.o
LOAD objs/library/ntshell/text_history.o
LOAD objs/library/ntshell/vtparse.o
LOAD objs/library/ntshell/vtparse_table.o
LOAD objs/library/fatfs/ff.o
LOAD objs/app/laser_car/laser_car.o
LOAD /home/hcx/Java/CodeSourcery/Sourcery_G++_Lite/bin/../lib/gcc/arm-none-eabi/4.5.2/../../../../arm-none-eabi/lib/thumb2/libc.a
LOAD /home/hcx/Java/CodeSourcery/Sourcery_G++_Lite/bin/../lib/gcc/arm-none-eabi/4.5.2/../../../../arm-none-eabi/lib/thumb2/libm.a
LOAD /home/hcx/Java/CodeSourcery/Sourcery_G++_Lite/bin/../lib/gcc/arm-none-eabi/4.5.2/../../../../arm-none-eabi/lib/thumb2/libc.a
LOAD /home/hcx/Java/CodeSourcery/Sourcery_G++_Lite/bin/../lib/gcc/arm-none-eabi/4.5.2/thumb2/libgcc.a
LOAD library/CMSIS_V3P00/CMSIS/DSP_Lib/libcmsis.a
START GROUP
LOAD /home/hcx/Java/CodeSourcery/Sourcery_G++_Lite/bin/../lib/gcc/arm-none-eabi/4.5.2/thumb2/libgcc.a
LOAD /home/hcx/Java/CodeSourcery/Sourcery_G++_Lite/bin/../lib/gcc/arm-none-eabi/4.5.2/../../../../arm-none-eabi/lib/thumb2/libc.a
END GROUP
LOAD /home/hcx/Java/CodeSourcery/Sourcery_G++_Lite/bin/../lib/gcc/arm-none-eabi/4.5.2/thumb2/crtend.o
LOAD /home/hcx/Java/CodeSourcery/Sourcery_G++_Lite/bin/../lib/gcc/arm-none-eabi/4.5.2/thumb2/crtn.o
START GROUP
LOAD /home/hcx/Java/CodeSourcery/Sourcery_G++_Lite/bin/../lib/gcc/arm-none-eabi/4.5.2/thumb2/libgcc.a
LOAD /home/hcx/Java/CodeSourcery/Sourcery_G++_Lite/bin/../lib/gcc/arm-none-eabi/4.5.2/../../../../arm-none-eabi/lib/thumb2/libc.a
LOAD /home/hcx/Java/CodeSourcery/Sourcery_G++_Lite/bin/../lib/gcc/arm-none-eabi/4.5.2/../../../../arm-none-eabi/lib/thumb2/libm.a
LOAD /home/hcx/Java/CodeSourcery/Sourcery_G++_Lite/bin/../lib/gcc/arm-none-eabi/4.5.2/../../../../arm-none-eabi/lib/thumb2/libcs3.a
LOAD /home/hcx/Java/CodeSourcery/Sourcery_G++_Lite/bin/../lib/gcc/arm-none-eabi/4.5.2/../../../../arm-none-eabi/lib/thumb2/libcs3unhosted.a
END GROUP
                0x1fff8830                PROVIDE (__cs3_heap_start, _end)
                0x20008000                PROVIDE (__cs3_heap_end, (__cs3_region_start_ram + __cs3_region_size_ram))
                0x00000001                PROVIDE (__cs3_region_num, ((__cs3_regions_end - __cs3_regions) / 0x14))
                0x20008000                PROVIDE (__cs3_stack, (__cs3_region_start_ram + __cs3_region_size_ram))

.vector         0x00000000      0x410
 *(.vector)
 .vector        0x00000000      0x410 objs/arch/arm/k60/startup/start.o
                0x00000000                init_vector
                0x00000410                . = ALIGN (0x4)

.text           0x00000410     0x26a8
 CREATE_OBJECT_SYMBOLS
                0x00000410                __cs3_reset = .
 *(.text .text.* .gnu.linkonce.t.*)
 .text          0x00000410       0x30 /home/hcx/Java/CodeSourcery/Sourcery_G++_Lite/bin/../lib/gcc/arm-none-eabi/4.5.2/thumb2/crtbegin.o
 .text          0x00000440       0x5c objs/arch/arm/k60/startup/start.o
                0x00000440                system_start
 .text.hardware_init_hook
                0x0000049c       0x58 objs/arch/arm/k60/clock/sysinit.o
                0x0000049c                hardware_init_hook
 .text.pll_init
                0x000004f4      0x208 objs/arch/arm/k60/clock/sysinit.o
 .text.set_sys_dividers
                0x000006fc       0x90 objs/arch/arm/k60/clock/sysinit.o
 .text.trace_clk_init
                0x0000078c       0x38 objs/arch/arm/k60/clock/sysinit.o
 .text.fb_clk_init
                0x000007c4       0x30 objs/arch/arm/k60/clock/sysinit.o
 .text.uart_init
                0x000007f4      0x228 objs/arch/arm/k60/comi/target_serial.o
                0x000007f4                uart_init
 .text.uart_getready
                0x00000a1c       0x60 objs/arch/arm/k60/comi/target_serial.o
 .text.uart_putready
                0x00000a7c       0x60 objs/arch/arm/k60/comi/target_serial.o
 .text.uart_getchar
                0x00000adc       0x20 objs/arch/arm/k60/comi/target_serial.o
 .text.uart_putchar
                0x00000afc       0x20 objs/arch/arm/k60/comi/target_serial.o
 .text.sio_initialize
                0x00000b1c       0x4c objs/arch/arm/k60/comi/target_serial.o
                0x00000b1c                sio_initialize
 .text.sio_opn_por
                0x00000b68       0xf0 objs/arch/arm/k60/comi/target_serial.o
                0x00000b68                sio_opn_por
 .text.sio_handler0
                0x00000c58       0x90 objs/arch/arm/k60/comi/target_serial.o
                0x00000c58                sio_handler0
 .text.sio_handler4
                0x00000ce8       0x30 objs/arch/arm/k60/comi/target_serial.o
                0x00000ce8                sio_handler4
 .text.sio_snd_chr
                0x00000d18       0x38 objs/arch/arm/k60/comi/target_serial.o
                0x00000d18                sio_snd_chr
 .text.sio_rcv_chr
                0x00000d50       0x2c objs/arch/arm/k60/comi/target_serial.o
                0x00000d50                sio_rcv_chr
 .text.sio_ena_cbr
                0x00000d7c       0x28 objs/arch/arm/k60/comi/target_serial.o
                0x00000d7c                sio_ena_cbr
 .text.sio_dis_cbr
                0x00000da4       0x28 objs/arch/arm/k60/comi/target_serial.o
                0x00000da4                sio_dis_cbr
 .text.uart_get_base_address
                0x00000dcc       0x74 objs/arch/arm/k60/comi/target_serial.o
 .text.clear_faultmask
                0x00000e40        0xc objs/arch/arm/k60/core/exception.o
 .text.clear_primask
                0x00000e4c        0xc objs/arch/arm/k60/core/exception.o
 .text.set_basepri
                0x00000e58       0x18 objs/arch/arm/k60/core/exception.o
 .text.nmi_handler
                0x00000e70        0x8 objs/arch/arm/k60/core/exception.o
                0x00000e70                nmi_handler
 .text.hard_fault_handler
                0x00000e78        0x8 objs/arch/arm/k60/core/exception.o
                0x00000e78                hard_fault_handler
 .text.default_exc_handler
                0x00000e80        0x8 objs/arch/arm/k60/core/exception.o
 .text.exc_install
                0x00000e88       0x28 objs/arch/arm/k60/core/exception.o
                0x00000e88                exc_install
 .text.exc_set_pri
                0x00000eb0       0x50 objs/arch/arm/k60/core/exception.o
                0x00000eb0                exc_set_pri
 .text.exc_enable
                0x00000f00      0x128 objs/arch/arm/k60/core/exception.o
                0x00000f00                exc_enable
 .text.exc_disable
                0x00001028       0xcc objs/arch/arm/k60/core/exception.o
                0x00001028                exc_disable
 .text.exc_set_vector
                0x000010f4       0x1c objs/arch/arm/k60/core/exception.o
                0x000010f4                exc_set_vector
 .text.exc_init
                0x00001110       0x68 objs/arch/arm/k60/core/exception.o
                0x00001110                exc_init
 .text.sys_timer_init
                0x00001178       0x5c objs/arch/arm/k60/core/sys_timer.o
                0x00001178                sys_timer_init
 .text.sys_timer_handler
                0x000011d4       0x2c objs/arch/arm/k60/core/sys_timer.o
                0x000011d4                sys_timer_handler
 .text.gpio_get_port_addr
                0x00001200       0x80 objs/arch/arm/k60/hmi/gpio.o
                0x00001200                gpio_get_port_addr
 .text.gpio_get_pt_addr
                0x00001280       0x80 objs/arch/arm/k60/hmi/gpio.o
                0x00001280                gpio_get_pt_addr
 .text.gpio_init
                0x00001300       0xac objs/arch/arm/k60/hmi/gpio.o
                0x00001300                gpio_init
 .text.gpio_set
                0x000013ac       0x54 objs/arch/arm/k60/hmi/gpio.o
                0x000013ac                gpio_set
 .text.get_ftmptr
                0x00001400       0x5c objs/arch/arm/k60/timer/ftm_pwm.o
 .text.get_portptr
                0x0000145c       0x70 objs/arch/arm/k60/timer/ftm_pwm.o
 .text.port_init
                0x000014cc       0x80 objs/arch/arm/k60/timer/ftm_pwm.o
 .text.pwm_mod0_set
                0x0000154c       0x80 objs/arch/arm/k60/timer/ftm_pwm.o
 .text.pwm_mod1_set
                0x000015cc       0x80 objs/arch/arm/k60/timer/ftm_pwm.o
 .text.pwm_mod2_set
                0x0000164c       0x80 objs/arch/arm/k60/timer/ftm_pwm.o
 .text.ftm_pwm_init
                0x000016cc      0x180 objs/arch/arm/k60/timer/ftm_pwm.o
                0x000016cc                ftm_pwm_init
 .text.ftm_pwm_output
                0x0000184c       0x78 objs/arch/arm/k60/timer/ftm_pwm.o
                0x0000184c                ftm_pwm_output
 .text.lptmr_pulse_capture_init
                0x000018c4       0xe8 objs/arch/arm/k60/timer/lptmr.o
                0x000018c4                lptmr_pulse_capture_init
 .text.lptmr_registers_clear
                0x000019ac       0x28 objs/arch/arm/k60/timer/lptmr.o
 .text.serial_initialize
                0x000019d4       0x60 objs/modules/comm/serial.o
                0x000019d4                serial_initialize
 .text.serial_opn_por
                0x00001a34       0xdc objs/modules/comm/serial.o
                0x00001a34                serial_opn_por
 .text.serial_snd_chr
                0x00001b10       0x44 objs/modules/comm/serial.o
 .text.sio_irdy_snd
                0x00001b54       0xbc objs/modules/comm/serial.o
                0x00001b54                sio_irdy_snd
 .text.sio_irdy_rcv
                0x00001c10      0x194 objs/modules/comm/serial.o
                0x00001c10                sio_irdy_rcv
 .text.light_init
                0x00001da4       0x94 objs/modules/device/light.o
                0x00001da4                light_init
 .text.light_open_port
                0x00001e38       0xa8 objs/modules/device/light.o
 .text.light_open
                0x00001ee0       0x9c objs/modules/device/light.o
                0x00001ee0                light_open
 .text.motor_init
                0x00001f7c       0xb4 objs/modules/device/motor.o
                0x00001f7c                motor_init
 .text.motor_open_port
                0x00002030       0x90 objs/modules/device/motor.o
 .text.motor_output
                0x000020c0       0xe0 objs/modules/device/motor.o
                0x000020c0                motor_output
 .text.motor_output_dir_fw
                0x000021a0       0x40 objs/modules/device/motor.o
                0x000021a0                motor_output_dir_fw
 .text.motor_output_dir_bw
                0x000021e0       0x40 objs/modules/device/motor.o
                0x000021e0                motor_output_dir_bw
 .text.steer_init
                0x00002220       0xd0 objs/modules/device/steer.o
                0x00002220                steer_init
 .text.steer_open_port
                0x000022f0       0x88 objs/modules/device/steer.o
 .text.steer_output_angle
                0x00002378      0x140 objs/modules/device/steer.o
                0x00002378                steer_output_angle
 .text.switch_init
                0x000024b8       0xc4 objs/modules/device/switch.o
                0x000024b8                switch_init
 .text.switch_open_port
                0x0000257c       0x90 objs/modules/device/switch.o
 .text.decoder_init
                0x0000260c       0x58 objs/modules/sensor/decoder.o
                0x0000260c                decoder_init
 .text.decoder_open_port
                0x00002664       0x74 objs/modules/sensor/decoder.o
 .text.decoder_read
                0x000026d8       0x74 objs/modules/sensor/decoder.o
                0x000026d8                decoder_read
 .text.decoder_clear
                0x0000274c       0x28 objs/modules/sensor/decoder.o
                0x0000274c                decoder_clear
 .text.calculateCurSpeed
                0x00002774       0x7c objs/modules/sensor/decoder.o
                0x00002774                calculateCurSpeed
 .text.infrared_init
                0x000027f0       0xbc objs/modules/sensor/infrared.o
                0x000027f0                infrared_init
 .text.infrared_open_port
                0x000028ac       0x90 objs/modules/sensor/infrared.o
 .text.main     0x0000293c       0xac objs/app/laser_car/laser_car.o
                0x0000293c                main
 .text          0x000029e8       0x30 /home/hcx/Java/CodeSourcery/Sourcery_G++_Lite/bin/../lib/gcc/arm-none-eabi/4.5.2/../../../../arm-none-eabi/lib/thumb2/libcs3.a(start_c.o)
                0x000029e8                __cs3_premain
 .text.cs3.init
                0x00002a18       0x50 /home/hcx/Java/CodeSourcery/Sourcery_G++_Lite/bin/../lib/gcc/arm-none-eabi/4.5.2/../../../../arm-none-eabi/lib/thumb2/libcs3.a(start_c.o)
                0x00002a18                __cs3_start_c
 .text          0x00002a68       0x50 /home/hcx/Java/CodeSourcery/Sourcery_G++_Lite/bin/../lib/gcc/arm-none-eabi/4.5.2/../../../../arm-none-eabi/lib/thumb2/libc.a(lib_a-init.o)
                0x00002a68                __libc_init_array
 *(.plt)
 *(.gnu.warning)
 *(.glue_7t)
 .glue_7t       0x00000000        0x0 linker stubs
 *(.glue_7)
 .glue_7        0x00000000        0x0 linker stubs
 *(.vfp11_veneer)
 .vfp11_veneer  0x00000000        0x0 linker stubs
 *(.ARM.extab* .gnu.linkonce.armextab.*)
 *(.gcc_except_table)

.v4_bx          0x00002ab8        0x0
 .v4_bx         0x00000000        0x0 linker stubs

.eh_frame_hdr
 *(.eh_frame_hdr)

.eh_frame
 *(.eh_frame)
                0x00002ab8                __exidx_start = .

.ARM.exidx
 *(.ARM.exidx* .gnu.linkonce.armexidx.*)
                0x00002ab8                __exidx_end = .

.rodata         0x00002ab8       0x58
 *(.rodata .rodata.* .gnu.linkonce.r.*)
 .rodata.siopinib_table
                0x00002ab8       0x10 objs/arch/arm/k60/comi/target_serial.o
                0x00002ab8                siopinib_table
 .rodata.spinib_table
                0x00002ac8       0x10 objs/modules/comm/serial.o
                0x00002ad8                . = ALIGN (0x4)
 *(.init)
 .init          0x00002ad8        0x4 /home/hcx/Java/CodeSourcery/Sourcery_G++_Lite/bin/../lib/gcc/arm-none-eabi/4.5.2/thumb2/crti.o
                0x00002ad8                _init
 .init          0x00002adc        0x8 /home/hcx/Java/CodeSourcery/Sourcery_G++_Lite/bin/../lib/gcc/arm-none-eabi/4.5.2/thumb2/crtn.o
                0x00002ae4                . = ALIGN (0x4)
                0x00002ae4                __preinit_array_start = .
 *(.preinit_array)
                0x00002ae4                __preinit_array_end = .
                0x00002ae4                . = ALIGN (0x4)
                0x00002ae4                __init_array_start = .
 *(SORT(.init_array.*))
 *(.init_array)
 .init_array    0x00002ae4        0x4 /home/hcx/Java/CodeSourcery/Sourcery_G++_Lite/bin/../lib/gcc/arm-none-eabi/4.5.2/thumb2/crtbegin.o
                0x00002ae8                __init_array_end = .
                0x00002ae8                . = ALIGN (0x4)
 *(.fini)
 .fini          0x00002ae8        0x4 /home/hcx/Java/CodeSourcery/Sourcery_G++_Lite/bin/../lib/gcc/arm-none-eabi/4.5.2/thumb2/crti.o
                0x00002ae8                _fini
 .fini          0x00002aec        0x8 /home/hcx/Java/CodeSourcery/Sourcery_G++_Lite/bin/../lib/gcc/arm-none-eabi/4.5.2/thumb2/crtn.o
                0x00002af4                . = ALIGN (0x4)
                0x00002af4                __fini_array_start = .
 *(.fini_array)
 .fini_array    0x00002af4        0x4 /home/hcx/Java/CodeSourcery/Sourcery_G++_Lite/bin/../lib/gcc/arm-none-eabi/4.5.2/thumb2/crtbegin.o
 *(SORT(.fini_array.*))
                0x00002af8                __fini_array_end = .
                0x00002af8                . = ALIGN (0x4)
 *crtbegin.o(.ctors)
 *(EXCLUDE_FILE(*crtend.o) .ctors)
 *(SORT(.ctors.*))
 *crtend.o(.ctors)
                0x00002af8                . = ALIGN (0x4)
 *crtbegin.o(.dtors)
 *(EXCLUDE_FILE(*crtend.o) .dtors)
 *(SORT(.dtors.*))
 *crtend.o(.dtors)
                0x00002af8                . = ALIGN (0x4)
                0x00002af8                __cs3_regions = .
                0x00002af8        0x4 LONG 0x0
                0x00002afc        0x4 LONG 0x2b10 __cs3_region_init_ram
                0x00002b00        0x4 LONG 0x1fff8000 __cs3_region_start_ram
                0x00002b04        0x4 LONG 0x400 __cs3_region_init_size_ram
                0x00002b08        0x4 LONG 0x430 __cs3_region_zero_size_ram
                0x00002b0c                __cs3_regions_end = .
                0x00002b10                . = ALIGN (0x8)
 *fill*         0x00002b0c        0x4 00
                0x00002b10                _etext = .

.data           0x1fff8000      0x400 load address 0x00002b10
                0x1fff8000                __cs3_region_start_ram = .
 *(.jcr)
 .jcr           0x1fff8000        0x0 /home/hcx/Java/CodeSourcery/Sourcery_G++_Lite/bin/../lib/gcc/arm-none-eabi/4.5.2/thumb2/crtbegin.o
 .jcr           0x1fff8000        0x4 /home/hcx/Java/CodeSourcery/Sourcery_G++_Lite/bin/../lib/gcc/arm-none-eabi/4.5.2/thumb2/crtend.o
 *(.got.plt)
 *(.got)
 *(.shdata)
 *(.data .data.* .gnu.linkonce.d.*)
 *fill*         0x1fff8004      0x1fc 00
 .data.vector_table
                0x1fff8200      0x200 objs/arch/arm/k60/core/exception.o
                0x1fff8200                vector_table
                0x1fff8400                . = ALIGN (0x8)
 *(.sram)
                0x1fff8400                _edata = .

.bss            0x1fff8400      0x430 load address 0x00002f10
 *(.shbss)
 *(.bss .bss.* .gnu.linkonce.b.*)
 .bss           0x1fff8400        0x1 /home/hcx/Java/CodeSourcery/Sourcery_G++_Lite/bin/../lib/gcc/arm-none-eabi/4.5.2/thumb2/crtbegin.o
 *fill*         0x1fff8401        0x3 00
 .bss.rcv_buffer1
                0x1fff8404      0x100 objs/modules/comm/serial.o
 .bss.snd_buffer1
                0x1fff8504      0x100 objs/modules/comm/serial.o
 .bss.spcb_table
                0x1fff8604       0x40 objs/modules/comm/serial.o
 .bss.lgcb_table
                0x1fff8644       0x60 objs/modules/device/light.o
 .bss.mtcb_table
                0x1fff86a4       0x38 objs/modules/device/motor.o
 .bss.stcb_table
                0x1fff86dc       0x40 objs/modules/device/steer.o
 .bss.swcb_table
                0x1fff871c       0x50 objs/modules/device/switch.o
 .bss.decb_table
                0x1fff876c        0xc objs/modules/sensor/decoder.o
 .bss.gl_curSpeed
                0x1fff8778        0x2 objs/modules/sensor/decoder.o
                0x1fff8778                gl_curSpeed
 *fill*         0x1fff877a        0x2 00
 .bss.gl_encoderTotal
                0x1fff877c        0x4 objs/modules/sensor/decoder.o
                0x1fff877c                gl_encoderTotal
 .bss.gl_distanceTotal
                0x1fff8780        0x4 objs/modules/sensor/decoder.o
                0x1fff8780                gl_distanceTotal
 .bss.ircb_table
                0x1fff8784       0x60 objs/modules/sensor/infrared.o
 *(COMMON)
 COMMON         0x1fff87e4       0x28 objs/arch/arm/k60/comi/target_serial.o
                0x1fff87e4                siopcb_table
 COMMON         0x1fff880c        0x4 objs/arch/arm/k60/core/sys_timer.o
                0x1fff880c                sys_timer_count
 COMMON         0x1fff8810       0x20 objs/modules/device/switch.o
                0x1fff8810                swgp_table
                0x1fff8830                . = ALIGN (0x8)
 *(.sram.b .bss.sram)
                0x1fff8830                _end = .
                0x1fff8830                __end = .
                0x20008000                __onchip_ram_end = 0x20008000
                0x20008000                __cs3_region_end_ram = 0x20008000
                0x00010000                __cs3_region_size_ram = (__cs3_region_end_ram - __cs3_region_start_ram)
                0x00002b10                __cs3_region_init_ram = LOADADDR (.data)
                0x00000400                __cs3_region_init_size_ram = (_edata - ADDR (.data))
                0x00000430                __cs3_region_zero_size_ram = (_end - _edata)

.stab
 *(.stab)

.stabstr
 *(.stabstr)

.debug
 *(.debug)

.line
 *(.line)

.debug_srcinfo
 *(.debug_srcinfo)

.debug_sfnames
 *(.debug_sfnames)

.comment        0x00000000       0x2a
 .comment       0x00000000       0x2a objs/arch/arm/k60/analog/adc.o
                                 0x2b (size before relaxing)
 .comment       0x00000000       0x2b objs/arch/arm/k60/clock/sysinit.o
 .comment       0x00000000       0x2b objs/arch/arm/k60/comi/sdhc.o
 .comment       0x00000000       0x2b objs/arch/arm/k60/comi/sd_rw.o
 .comment       0x00000000       0x2b objs/arch/arm/k60/comi/spi.o
 .comment       0x00000000       0x2b objs/arch/arm/k60/comi/target_serial.o
 .comment       0x00000000       0x2b objs/arch/arm/k60/core/common.o
 .comment       0x00000000       0x2b objs/arch/arm/k60/core/exception.o
 .comment       0x00000000       0x2b objs/arch/arm/k60/core/sys_timer.o
 .comment       0x00000000       0x2b objs/arch/arm/k60/hmi/gpio.o
 .comment       0x00000000       0x2b objs/arch/arm/k60/memory/flexbus.o
 .comment       0x00000000       0x2b objs/arch/arm/k60/system/wdog.o
 .comment       0x00000000       0x2b objs/arch/arm/k60/timer/ftm_decoder.o
 .comment       0x00000000       0x2b objs/arch/arm/k60/timer/ftm_pwm.o
 .comment       0x00000000       0x2b objs/arch/arm/k60/timer/ftm_timer.o
 .comment       0x00000000       0x2b objs/arch/arm/k60/timer/lptmr.o
 .comment       0x00000000       0x2b objs/arch/arm/k60/timer/pit.o
 .comment       0x00000000       0x2b objs/modules/comm/mmc.o
 .comment       0x00000000       0x2b objs/modules/comm/sd.o
 .comment       0x00000000       0x2b objs/modules/comm/sd_send.o
 .comment       0x00000000       0x2b objs/modules/comm/serial.o
 .comment       0x00000000       0x2b objs/modules/comm/telecontrol.o
 .comment       0x00000000       0x2b objs/modules/device/light.o
 .comment       0x00000000       0x2b objs/modules/device/motor.o
 .comment       0x00000000       0x2b objs/modules/device/motor_robot.o
 .comment       0x00000000       0x2b objs/modules/device/speaker.o
 .comment       0x00000000       0x2b objs/modules/device/steer.o
 .comment       0x00000000       0x2b objs/modules/device/switch.o
 .comment       0x00000000       0x2b objs/modules/sensor/accelerometer.o
 .comment       0x00000000       0x2b objs/modules/sensor/decoder.o
 .comment       0x00000000       0x2b objs/modules/sensor/gyro.o
 .comment       0x00000000       0x2b objs/modules/sensor/infrared.o
 .comment       0x00000000       0x2b objs/modules/signal/image_process.o
 .comment       0x00000000       0x2b objs/modules/signal/iteration.o
 .comment       0x00000000       0x2b objs/modules/signal/mid_fil.o
 .comment       0x00000000       0x2b objs/modules/signal/otsu.o
 .comment       0x00000000       0x2b objs/common/target_libc.o
 .comment       0x00000000       0x2b objs/common/ntshell_cmd/control_ntshell.o
 .comment       0x00000000       0x2b objs/common/ntshell_cmd/decoder_ntshell.o
 .comment       0x00000000       0x2b objs/common/ntshell_cmd/help_ntshell.o
 .comment       0x00000000       0x2b objs/common/ntshell_cmd/light_ntshell.o
 .comment       0x00000000       0x2b objs/common/ntshell_cmd/motor_ntshell.o
 .comment       0x00000000       0x2b objs/common/ntshell_cmd/sd_ntshell.o
 .comment       0x00000000       0x2b objs/common/ntshell_cmd/speaker_ntshell.o
 .comment       0x00000000       0x2b objs/common/ntshell_cmd/sram_ntshell.o
 .comment       0x00000000       0x2b objs/common/ntshell_cmd/switch_ntshell.o
 .comment       0x00000000       0x2b objs/common/ntshell_cmd/task_ntshell.o
 .comment       0x00000000       0x2b objs/library/ntshell/ntlibc.o
 .comment       0x00000000       0x2b objs/library/ntshell/ntopt.o
 .comment       0x00000000       0x2b objs/library/ntshell/ntshell.o
 .comment       0x00000000       0x2b objs/library/ntshell/text_editor.o
 .comment       0x00000000       0x2b objs/library/ntshell/text_history.o
 .comment       0x00000000       0x2b objs/library/ntshell/vtparse.o
 .comment       0x00000000       0x2b objs/library/ntshell/vtparse_table.o
 .comment       0x00000000       0x2b objs/library/fatfs/ff.o
 .comment       0x00000000       0x2b objs/app/laser_car/laser_car.o
 .comment       0x00000000       0x2b library/CMSIS_V3P00/CMSIS/DSP_Lib/libcmsis.a(arm_max_q7.o)

.debug_aranges  0x00000000     0x1030
 *(.debug_aranges)
 .debug_aranges
                0x00000000       0x20 objs/arch/arm/k60/startup/start.o
 .debug_aranges
                0x00000020       0x38 objs/arch/arm/k60/analog/adc.o
 .debug_aranges
                0x00000058       0x40 objs/arch/arm/k60/clock/sysinit.o
 .debug_aranges
                0x00000098       0x58 objs/arch/arm/k60/comi/sdhc.o
 .debug_aranges
                0x000000f0       0x40 objs/arch/arm/k60/comi/sd_rw.o
 .debug_aranges
                0x00000130       0x50 objs/arch/arm/k60/comi/spi.o
 .debug_aranges
                0x00000180       0x90 objs/arch/arm/k60/comi/target_serial.o
 .debug_aranges
                0x00000210       0x28 objs/arch/arm/k60/core/common.o
 .debug_aranges
                0x00000238       0x78 objs/arch/arm/k60/core/exception.o
 .debug_aranges
                0x000002b0       0x48 objs/arch/arm/k60/core/sys_timer.o
 .debug_aranges
                0x000002f8       0x48 objs/arch/arm/k60/hmi/gpio.o
 .debug_aranges
                0x00000340       0x20 objs/arch/arm/k60/memory/flexbus.o
 .debug_aranges
                0x00000360       0x38 objs/arch/arm/k60/system/wdog.o
 .debug_aranges
                0x00000398       0x20 objs/arch/arm/k60/timer/ftm_decoder.o
 .debug_aranges
                0x000003b8       0x58 objs/arch/arm/k60/timer/ftm_pwm.o
 .debug_aranges
                0x00000410       0x50 objs/arch/arm/k60/timer/ftm_timer.o
 .debug_aranges
                0x00000460       0x40 objs/arch/arm/k60/timer/lptmr.o
 .debug_aranges
                0x000004a0       0x38 objs/arch/arm/k60/timer/pit.o
 .debug_aranges
                0x000004d8       0x98 objs/modules/comm/mmc.o
 .debug_aranges
                0x00000570       0x38 objs/modules/comm/sd.o
 .debug_aranges
                0x000005a8       0x38 objs/modules/comm/sd_send.o
 .debug_aranges
                0x000005e0       0x88 objs/modules/comm/serial.o
 .debug_aranges
                0x00000668       0x30 objs/modules/comm/telecontrol.o
 .debug_aranges
                0x00000698       0x70 objs/modules/device/light.o
 .debug_aranges
                0x00000708       0x48 objs/modules/device/motor.o
 .debug_aranges
                0x00000750       0x50 objs/modules/device/motor_robot.o
 .debug_aranges
                0x000007a0       0x40 objs/modules/device/speaker.o
 .debug_aranges
                0x000007e0       0x38 objs/modules/device/steer.o
 .debug_aranges
                0x00000818       0x38 objs/modules/device/switch.o
 .debug_aranges
                0x00000850       0x30 objs/modules/sensor/accelerometer.o
 .debug_aranges
                0x00000880       0x40 objs/modules/sensor/decoder.o
 .debug_aranges
                0x000008c0       0x30 objs/modules/sensor/gyro.o
 .debug_aranges
                0x000008f0       0x50 objs/modules/sensor/infrared.o
 .debug_aranges
                0x00000940       0x50 objs/modules/signal/image_process.o
 .debug_aranges
                0x00000990       0x20 objs/modules/signal/iteration.o
 .debug_aranges
                0x000009b0       0x28 objs/modules/signal/mid_fil.o
 .debug_aranges
                0x000009d8       0x20 objs/modules/signal/otsu.o
 .debug_aranges
                0x000009f8       0x28 objs/common/target_libc.o
 .debug_aranges
                0x00000a20       0x28 objs/common/ntshell_cmd/control_ntshell.o
 .debug_aranges
                0x00000a48       0x30 objs/common/ntshell_cmd/decoder_ntshell.o
 .debug_aranges
                0x00000a78       0x28 objs/common/ntshell_cmd/help_ntshell.o
 .debug_aranges
                0x00000aa0       0x30 objs/common/ntshell_cmd/light_ntshell.o
 .debug_aranges
                0x00000ad0       0x30 objs/common/ntshell_cmd/motor_ntshell.o
 .debug_aranges
                0x00000b00       0x30 objs/common/ntshell_cmd/sd_ntshell.o
 .debug_aranges
                0x00000b30       0x30 objs/common/ntshell_cmd/speaker_ntshell.o
 .debug_aranges
                0x00000b60       0x38 objs/common/ntshell_cmd/sram_ntshell.o
 .debug_aranges
                0x00000b98       0x30 objs/common/ntshell_cmd/switch_ntshell.o
 .debug_aranges
                0x00000bc8       0x40 objs/common/ntshell_cmd/task_ntshell.o
 .debug_aranges
                0x00000c08       0x40 objs/library/ntshell/ntlibc.o
 .debug_aranges
                0x00000c48       0x30 objs/library/ntshell/ntopt.o
 .debug_aranges
                0x00000c78       0x88 objs/library/ntshell/ntshell.o
 .debug_aranges
                0x00000d00       0x70 objs/library/ntshell/text_editor.o
 .debug_aranges
                0x00000d70       0x48 objs/library/ntshell/text_history.o
 .debug_aranges
                0x00000db8       0x38 objs/library/ntshell/vtparse.o
 .debug_aranges
                0x00000df0       0x40 objs/library/ntshell/vtparse_table.o
 .debug_aranges
                0x00000e30      0x1a0 objs/library/fatfs/ff.o
 .debug_aranges
                0x00000fd0       0x40 objs/app/laser_car/laser_car.o
 .debug_aranges
                0x00001010       0x20 library/CMSIS_V3P00/CMSIS/DSP_Lib/libcmsis.a(arm_max_q7.o)

.debug_pubnames
                0x00000000     0x1780
 *(.debug_pubnames)
 .debug_pubnames
                0x00000000       0x54 objs/arch/arm/k60/analog/adc.o
 .debug_pubnames
                0x00000054       0x29 objs/arch/arm/k60/clock/sysinit.o
 .debug_pubnames
                0x0000007d       0x68 objs/arch/arm/k60/comi/sdhc.o
 .debug_pubnames
                0x000000e5       0x8d objs/arch/arm/k60/comi/sd_rw.o
 .debug_pubnames
                0x00000172       0x91 objs/arch/arm/k60/comi/spi.o
 .debug_pubnames
                0x00000203       0xd9 objs/arch/arm/k60/comi/target_serial.o
 .debug_pubnames
                0x000002dc       0x24 objs/arch/arm/k60/core/common.o
 .debug_pubnames
                0x00000300       0xbc objs/arch/arm/k60/core/exception.o
 .debug_pubnames
                0x000003bc       0xa1 objs/arch/arm/k60/core/sys_timer.o
 .debug_pubnames
                0x0000045d       0x77 objs/arch/arm/k60/hmi/gpio.o
 .debug_pubnames
                0x000004d4       0x23 objs/arch/arm/k60/memory/flexbus.o
 .debug_pubnames
                0x000004f7       0x51 objs/arch/arm/k60/system/wdog.o
 .debug_pubnames
                0x00000548       0x27 objs/arch/arm/k60/timer/ftm_decoder.o
 .debug_pubnames
                0x0000056f       0x36 objs/arch/arm/k60/timer/ftm_pwm.o
 .debug_pubnames
                0x000005a5       0xb6 objs/arch/arm/k60/timer/ftm_timer.o
 .debug_pubnames
                0x0000065b       0x67 objs/arch/arm/k60/timer/lptmr.o
 .debug_pubnames
                0x000006c2       0x63 objs/arch/arm/k60/timer/pit.o
 .debug_pubnames
                0x00000725       0x75 objs/modules/comm/mmc.o
 .debug_pubnames
                0x0000079a       0x64 objs/modules/comm/sd.o
 .debug_pubnames
                0x000007fe       0x77 objs/modules/comm/sd_send.o
 .debug_pubnames
                0x00000875       0xe3 objs/modules/comm/serial.o
 .debug_pubnames
                0x00000958       0x36 objs/modules/comm/telecontrol.o
 .debug_pubnames
                0x0000098e       0xc4 objs/modules/device/light.o
 .debug_pubnames
                0x00000a52       0x74 objs/modules/device/motor.o
 .debug_pubnames
                0x00000ac6       0xc1 objs/modules/device/motor_robot.o
 .debug_pubnames
                0x00000b87       0x57 objs/modules/device/speaker.o
 .debug_pubnames
                0x00000bde       0x4f objs/modules/device/steer.o
 .debug_pubnames
                0x00000c2d       0x56 objs/modules/device/switch.o
 .debug_pubnames
                0x00000c83       0x2c objs/modules/sensor/accelerometer.o
 .debug_pubnames
                0x00000caf       0x95 objs/modules/sensor/decoder.o
 .debug_pubnames
                0x00000d44       0x2e objs/modules/sensor/gyro.o
 .debug_pubnames
                0x00000d72       0x94 objs/modules/sensor/infrared.o
 .debug_pubnames
                0x00000e06      0x120 objs/modules/signal/image_process.o
 .debug_pubnames
                0x00000f26       0x20 objs/modules/signal/iteration.o
 .debug_pubnames
                0x00000f46       0x44 objs/modules/signal/mid_fil.o
 .debug_pubnames
                0x00000f8a       0x1b objs/modules/signal/otsu.o
 .debug_pubnames
                0x00000fa5       0x27 objs/common/target_libc.o
 .debug_pubnames
                0x00000fcc       0x56 objs/common/ntshell_cmd/control_ntshell.o
 .debug_pubnames
                0x00001022       0x2d objs/common/ntshell_cmd/decoder_ntshell.o
 .debug_pubnames
                0x0000104f       0x2a objs/common/ntshell_cmd/help_ntshell.o
 .debug_pubnames
                0x00001079       0x2b objs/common/ntshell_cmd/light_ntshell.o
 .debug_pubnames
                0x000010a4       0x2b objs/common/ntshell_cmd/motor_ntshell.o
 .debug_pubnames
                0x000010cf       0x37 objs/common/ntshell_cmd/sd_ntshell.o
 .debug_pubnames
                0x00001106       0x2d objs/common/ntshell_cmd/speaker_ntshell.o
 .debug_pubnames
                0x00001133       0x38 objs/common/ntshell_cmd/sram_ntshell.o
 .debug_pubnames
                0x0000116b       0x2c objs/common/ntshell_cmd/switch_ntshell.o
 .debug_pubnames
                0x00001197       0x38 objs/common/ntshell_cmd/task_ntshell.o
 .debug_pubnames
                0x000011cf       0x6d objs/library/ntshell/ntlibc.o
 .debug_pubnames
                0x0000123c       0x35 objs/library/ntshell/ntopt.o
 .debug_pubnames
                0x00001271       0x4e objs/library/ntshell/ntshell.o
 .debug_pubnames
                0x000012bf      0x135 objs/library/ntshell/text_editor.o
 .debug_pubnames
                0x000013f4       0xad objs/library/ntshell/text_history.o
 .debug_pubnames
                0x000014a1       0x2f objs/library/ntshell/vtparse.o
 .debug_pubnames
                0x000014d0       0x7a objs/library/ntshell/vtparse_table.o
 .debug_pubnames
                0x0000154a      0x17f objs/library/fatfs/ff.o
 .debug_pubnames
                0x000016c9       0x96 objs/app/laser_car/laser_car.o
 .debug_pubnames
                0x0000175f       0x21 library/CMSIS_V3P00/CMSIS/DSP_Lib/libcmsis.a(arm_max_q7.o)

.debug_info     0x00000000     0xfbde
 *(.debug_info)
 .debug_info    0x00000000       0x67 objs/arch/arm/k60/startup/start.o
 .debug_info    0x00000067      0x511 objs/arch/arm/k60/analog/adc.o
 .debug_info    0x00000578      0x74e objs/arch/arm/k60/clock/sysinit.o
 .debug_info    0x00000cc6      0x990 objs/arch/arm/k60/comi/sdhc.o
 .debug_info    0x00001656      0x247 objs/arch/arm/k60/comi/sd_rw.o
 .debug_info    0x0000189d      0xa1b objs/arch/arm/k60/comi/spi.o
 .debug_info    0x000022b8      0xdd6 objs/arch/arm/k60/comi/target_serial.o
 .debug_info    0x0000308e      0x224 objs/arch/arm/k60/core/common.o
 .debug_info    0x000032b2      0x8c8 objs/arch/arm/k60/core/exception.o
 .debug_info    0x00003b7a      0x4ce objs/arch/arm/k60/core/sys_timer.o
 .debug_info    0x00004048      0x3d5 objs/arch/arm/k60/hmi/gpio.o
 .debug_info    0x0000441d      0x232 objs/arch/arm/k60/memory/flexbus.o
 .debug_info    0x0000464f      0x1a8 objs/arch/arm/k60/system/wdog.o
 .debug_info    0x000047f7      0x562 objs/arch/arm/k60/timer/ftm_decoder.o
 .debug_info    0x00004d59      0x717 objs/arch/arm/k60/timer/ftm_pwm.o
 .debug_info    0x00005470      0x863 objs/arch/arm/k60/timer/ftm_timer.o
 .debug_info    0x00005cd3      0x858 objs/arch/arm/k60/timer/lptmr.o
 .debug_info    0x0000652b      0x70a objs/arch/arm/k60/timer/pit.o
 .debug_info    0x00006c35      0x591 objs/modules/comm/mmc.o
 .debug_info    0x000071c6      0x3d0 objs/modules/comm/sd.o
 .debug_info    0x00007596      0x32f objs/modules/comm/sd_send.o
 .debug_info    0x000078c5      0x724 objs/modules/comm/serial.o
 .debug_info    0x00007fe9      0x1f4 objs/modules/comm/telecontrol.o
 .debug_info    0x000081dd      0x430 objs/modules/device/light.o
 .debug_info    0x0000860d      0x2e3 objs/modules/device/motor.o
 .debug_info    0x000088f0      0x3be objs/modules/device/motor_robot.o
 .debug_info    0x00008cae      0x292 objs/modules/device/speaker.o
 .debug_info    0x00008f40      0x301 objs/modules/device/steer.o
 .debug_info    0x00009241      0x322 objs/modules/device/switch.o
 .debug_info    0x00009563      0x214 objs/modules/sensor/accelerometer.o
 .debug_info    0x00009777      0x31c objs/modules/sensor/decoder.o
 .debug_info    0x00009a93      0x214 objs/modules/sensor/gyro.o
 .debug_info    0x00009ca7      0x2da objs/modules/sensor/infrared.o
 .debug_info    0x00009f81      0x629 objs/modules/signal/image_process.o
 .debug_info    0x0000a5aa      0x1ca objs/modules/signal/iteration.o
 .debug_info    0x0000a774      0x189 objs/modules/signal/mid_fil.o
 .debug_info    0x0000a8fd      0x1fb objs/modules/signal/otsu.o
 .debug_info    0x0000aaf8      0x13b objs/common/target_libc.o
 .debug_info    0x0000ac33      0x158 objs/common/ntshell_cmd/control_ntshell.o
 .debug_info    0x0000ad8b      0x1b8 objs/common/ntshell_cmd/decoder_ntshell.o
 .debug_info    0x0000af43       0xeb objs/common/ntshell_cmd/help_ntshell.o
 .debug_info    0x0000b02e      0x15b objs/common/ntshell_cmd/light_ntshell.o
 .debug_info    0x0000b189      0x18b objs/common/ntshell_cmd/motor_ntshell.o
 .debug_info    0x0000b314      0x3ed objs/common/ntshell_cmd/sd_ntshell.o
 .debug_info    0x0000b701      0x15b objs/common/ntshell_cmd/speaker_ntshell.o
 .debug_info    0x0000b85c      0x1a2 objs/common/ntshell_cmd/sram_ntshell.o
 .debug_info    0x0000b9fe      0x196 objs/common/ntshell_cmd/switch_ntshell.o
 .debug_info    0x0000bb94      0x4dd objs/common/ntshell_cmd/task_ntshell.o
 .debug_info    0x0000c071      0x1fd objs/library/ntshell/ntlibc.o
 .debug_info    0x0000c26e      0x1fa objs/library/ntshell/ntopt.o
 .debug_info    0x0000c468      0xa02 objs/library/ntshell/ntshell.o
 .debug_info    0x0000ce6a      0x35d objs/library/ntshell/text_editor.o
 .debug_info    0x0000d1c7      0x2d0 objs/library/ntshell/text_history.o
 .debug_info    0x0000d497      0x3cc objs/library/ntshell/vtparse.o
 .debug_info    0x0000d863      0x2b8 objs/library/ntshell/vtparse_table.o
 .debug_info    0x0000db1b     0x1b8e objs/library/fatfs/ff.o
 .debug_info    0x0000f6a9      0x383 objs/app/laser_car/laser_car.o
 .debug_info    0x0000fa2c      0x1b2 library/CMSIS_V3P00/CMSIS/DSP_Lib/libcmsis.a(arm_max_q7.o)

.debug_abbrev   0x00000000     0x3c0a
 *(.debug_abbrev)
 .debug_abbrev  0x00000000       0x14 objs/arch/arm/k60/startup/start.o
 .debug_abbrev  0x00000014       0xfb objs/arch/arm/k60/analog/adc.o
 .debug_abbrev  0x0000010f      0x14a objs/arch/arm/k60/clock/sysinit.o
 .debug_abbrev  0x00000259      0x1e6 objs/arch/arm/k60/comi/sdhc.o
 .debug_abbrev  0x0000043f       0xae objs/arch/arm/k60/comi/sd_rw.o
 .debug_abbrev  0x000004ed      0x1ba objs/arch/arm/k60/comi/spi.o
 .debug_abbrev  0x000006a7      0x218 objs/arch/arm/k60/comi/target_serial.o
 .debug_abbrev  0x000008bf       0xb3 objs/arch/arm/k60/core/common.o
 .debug_abbrev  0x00000972      0x1e1 objs/arch/arm/k60/core/exception.o
 .debug_abbrev  0x00000b53      0x114 objs/arch/arm/k60/core/sys_timer.o
 .debug_abbrev  0x00000c67      0x114 objs/arch/arm/k60/hmi/gpio.o
 .debug_abbrev  0x00000d7b       0xb7 objs/arch/arm/k60/memory/flexbus.o
 .debug_abbrev  0x00000e32       0x89 objs/arch/arm/k60/system/wdog.o
 .debug_abbrev  0x00000ebb       0xed objs/arch/arm/k60/timer/ftm_decoder.o
 .debug_abbrev  0x00000fa8      0x16e objs/arch/arm/k60/timer/ftm_pwm.o
 .debug_abbrev  0x00001116      0x153 objs/arch/arm/k60/timer/ftm_timer.o
 .debug_abbrev  0x00001269      0x12f objs/arch/arm/k60/timer/lptmr.o
 .debug_abbrev  0x00001398      0x12b objs/arch/arm/k60/timer/pit.o
 .debug_abbrev  0x000014c3      0x18a objs/modules/comm/mmc.o
 .debug_abbrev  0x0000164d       0xe6 objs/modules/comm/sd.o
 .debug_abbrev  0x00001733      0x109 objs/modules/comm/sd_send.o
 .debug_abbrev  0x0000183c      0x1a0 objs/modules/comm/serial.o
 .debug_abbrev  0x000019dc       0xf3 objs/modules/comm/telecontrol.o
 .debug_abbrev  0x00001acf      0x159 objs/modules/device/light.o
 .debug_abbrev  0x00001c28      0x102 objs/modules/device/motor.o
 .debug_abbrev  0x00001d2a      0x151 objs/modules/device/motor_robot.o
 .debug_abbrev  0x00001e7b       0xf3 objs/modules/device/speaker.o
 .debug_abbrev  0x00001f6e      0x102 objs/modules/device/steer.o
 .debug_abbrev  0x00002070      0x115 objs/modules/device/switch.o
 .debug_abbrev  0x00002185       0xfa objs/modules/sensor/accelerometer.o
 .debug_abbrev  0x0000227f      0x15c objs/modules/sensor/decoder.o
 .debug_abbrev  0x000023db       0xfa objs/modules/sensor/gyro.o
 .debug_abbrev  0x000024d5       0xf3 objs/modules/sensor/infrared.o
 .debug_abbrev  0x000025c8      0x17c objs/modules/signal/image_process.o
 .debug_abbrev  0x00002744       0x9a objs/modules/signal/iteration.o
 .debug_abbrev  0x000027de       0xad objs/modules/signal/mid_fil.o
 .debug_abbrev  0x0000288b       0x9c objs/modules/signal/otsu.o
 .debug_abbrev  0x00002927       0x9f objs/common/target_libc.o
 .debug_abbrev  0x000029c6       0xae objs/common/ntshell_cmd/control_ntshell.o
 .debug_abbrev  0x00002a74       0xc4 objs/common/ntshell_cmd/decoder_ntshell.o
 .debug_abbrev  0x00002b38       0x7d objs/common/ntshell_cmd/help_ntshell.o
 .debug_abbrev  0x00002bb5       0xb0 objs/common/ntshell_cmd/light_ntshell.o
 .debug_abbrev  0x00002c65       0xb0 objs/common/ntshell_cmd/motor_ntshell.o
 .debug_abbrev  0x00002d15      0x121 objs/common/ntshell_cmd/sd_ntshell.o
 .debug_abbrev  0x00002e36       0xb0 objs/common/ntshell_cmd/speaker_ntshell.o
 .debug_abbrev  0x00002ee6       0xa6 objs/common/ntshell_cmd/sram_ntshell.o
 .debug_abbrev  0x00002f8c       0xc6 objs/common/ntshell_cmd/switch_ntshell.o
 .debug_abbrev  0x00003052      0x15b objs/common/ntshell_cmd/task_ntshell.o
 .debug_abbrev  0x000031ad       0x97 objs/library/ntshell/ntlibc.o
 .debug_abbrev  0x00003244       0xda objs/library/ntshell/ntopt.o
 .debug_abbrev  0x0000331e      0x1d9 objs/library/ntshell/ntshell.o
 .debug_abbrev  0x000034f7       0xeb objs/library/ntshell/text_editor.o
 .debug_abbrev  0x000035e2       0xfb objs/library/ntshell/text_history.o
 .debug_abbrev  0x000036dd      0x13f objs/library/ntshell/vtparse.o
 .debug_abbrev  0x0000381c       0xc6 objs/library/ntshell/vtparse_table.o
 .debug_abbrev  0x000038e2      0x1ac objs/library/fatfs/ff.o
 .debug_abbrev  0x00003a8e       0xe9 objs/app/laser_car/laser_car.o
 .debug_abbrev  0x00003b77       0x93 library/CMSIS_V3P00/CMSIS/DSP_Lib/libcmsis.a(arm_max_q7.o)

.debug_line     0x00000000     0x674b
 *(.debug_line)
 .debug_line    0x00000000       0x65 objs/arch/arm/k60/startup/start.o
 .debug_line    0x00000065      0x16b objs/arch/arm/k60/analog/adc.o
 .debug_line    0x000001d0      0x1a9 objs/arch/arm/k60/clock/sysinit.o
 .debug_line    0x00000379      0x3ab objs/arch/arm/k60/comi/sdhc.o
 .debug_line    0x00000724      0x1c9 objs/arch/arm/k60/comi/sd_rw.o
 .debug_line    0x000008ed      0x1c9 objs/arch/arm/k60/comi/spi.o
 .debug_line    0x00000ab6      0x29f objs/arch/arm/k60/comi/target_serial.o
 .debug_line    0x00000d55       0xfa objs/arch/arm/k60/core/common.o
 .debug_line    0x00000e4f      0x236 objs/arch/arm/k60/core/exception.o
 .debug_line    0x00001085      0x15b objs/arch/arm/k60/core/sys_timer.o
 .debug_line    0x000011e0      0x17e objs/arch/arm/k60/hmi/gpio.o
 .debug_line    0x0000135e      0x120 objs/arch/arm/k60/memory/flexbus.o
 .debug_line    0x0000147e      0x11a objs/arch/arm/k60/system/wdog.o
 .debug_line    0x00001598      0x12f objs/arch/arm/k60/timer/ftm_decoder.o
 .debug_line    0x000016c7      0x1eb objs/arch/arm/k60/timer/ftm_pwm.o
 .debug_line    0x000018b2      0x19e objs/arch/arm/k60/timer/ftm_timer.o
 .debug_line    0x00001a50      0x162 objs/arch/arm/k60/timer/lptmr.o
 .debug_line    0x00001bb2      0x147 objs/arch/arm/k60/timer/pit.o
 .debug_line    0x00001cf9      0x44d objs/modules/comm/mmc.o
 .debug_line    0x00002146       0xb2 objs/modules/comm/sd.o
 .debug_line    0x000021f8       0xfe objs/modules/comm/sd_send.o
 .debug_line    0x000022f6      0x388 objs/modules/comm/serial.o
 .debug_line    0x0000267e       0xc7 objs/modules/comm/telecontrol.o
 .debug_line    0x00002745      0x272 objs/modules/device/light.o
 .debug_line    0x000029b7      0x19c objs/modules/device/motor.o
 .debug_line    0x00002b53      0x207 objs/modules/device/motor_robot.o
 .debug_line    0x00002d5a      0x104 objs/modules/device/speaker.o
 .debug_line    0x00002e5e      0x17c objs/modules/device/steer.o
 .debug_line    0x00002fda      0x19c objs/modules/device/switch.o
 .debug_line    0x00003176      0x148 objs/modules/sensor/accelerometer.o
 .debug_line    0x000032be      0x18a objs/modules/sensor/decoder.o
 .debug_line    0x00003448      0x13e objs/modules/sensor/gyro.o
 .debug_line    0x00003586      0x143 objs/modules/sensor/infrared.o
 .debug_line    0x000036c9      0x38d objs/modules/signal/image_process.o
 .debug_line    0x00003a56       0xb9 objs/modules/signal/iteration.o
 .debug_line    0x00003b0f       0xc0 objs/modules/signal/mid_fil.o
 .debug_line    0x00003bcf       0xac objs/modules/signal/otsu.o
 .debug_line    0x00003c7b       0x73 objs/common/target_libc.o
 .debug_line    0x00003cee      0x106 objs/common/ntshell_cmd/control_ntshell.o
 .debug_line    0x00003df4      0x1b4 objs/common/ntshell_cmd/decoder_ntshell.o
 .debug_line    0x00003fa8       0xea objs/common/ntshell_cmd/help_ntshell.o
 .debug_line    0x00004092      0x1d6 objs/common/ntshell_cmd/light_ntshell.o
 .debug_line    0x00004268      0x193 objs/common/ntshell_cmd/motor_ntshell.o
 .debug_line    0x000043fb      0x1e6 objs/common/ntshell_cmd/sd_ntshell.o
 .debug_line    0x000045e1      0x19e objs/common/ntshell_cmd/speaker_ntshell.o
 .debug_line    0x0000477f      0x12b objs/common/ntshell_cmd/sram_ntshell.o
 .debug_line    0x000048aa      0x1c6 objs/common/ntshell_cmd/switch_ntshell.o
 .debug_line    0x00004a70      0x1b1 objs/common/ntshell_cmd/task_ntshell.o
 .debug_line    0x00004c21      0x123 objs/library/ntshell/ntlibc.o
 .debug_line    0x00004d44       0xfb objs/library/ntshell/ntopt.o
 .debug_line    0x00004e3f      0x234 objs/library/ntshell/ntshell.o
 .debug_line    0x00005073      0x18c objs/library/ntshell/text_editor.o
 .debug_line    0x000051ff      0x128 objs/library/ntshell/text_history.o
 .debug_line    0x00005327       0xe5 objs/library/ntshell/vtparse.o
 .debug_line    0x0000540c       0xad objs/library/ntshell/vtparse_table.o
 .debug_line    0x000054b9      0xf8f objs/library/fatfs/ff.o
 .debug_line    0x00006448      0x19e objs/app/laser_car/laser_car.o
 .debug_line    0x000065e6      0x165 library/CMSIS_V3P00/CMSIS/DSP_Lib/libcmsis.a(arm_max_q7.o)

.debug_frame    0x00000000     0x3ea0
 *(.debug_frame)
 .debug_frame   0x00000000       0x84 objs/arch/arm/k60/analog/adc.o
 .debug_frame   0x00000084       0x98 objs/arch/arm/k60/clock/sysinit.o
 .debug_frame   0x0000011c       0xf8 objs/arch/arm/k60/comi/sdhc.o
 .debug_frame   0x00000214       0xb0 objs/arch/arm/k60/comi/sd_rw.o
 .debug_frame   0x000002c4       0xec objs/arch/arm/k60/comi/spi.o
 .debug_frame   0x000003b0      0x1d0 objs/arch/arm/k60/comi/target_serial.o
 .debug_frame   0x00000580       0x40 objs/arch/arm/k60/core/common.o
 .debug_frame   0x000005c0      0x14c objs/arch/arm/k60/core/exception.o
 .debug_frame   0x0000070c       0xb4 objs/arch/arm/k60/core/sys_timer.o
 .debug_frame   0x000007c0       0xc8 objs/arch/arm/k60/hmi/gpio.o
 .debug_frame   0x00000888       0x28 objs/arch/arm/k60/memory/flexbus.o
 .debug_frame   0x000008b0       0x74 objs/arch/arm/k60/system/wdog.o
 .debug_frame   0x00000924       0x2c objs/arch/arm/k60/timer/ftm_decoder.o
 .debug_frame   0x00000950       0xfc objs/arch/arm/k60/timer/ftm_pwm.o
 .debug_frame   0x00000a4c       0xd4 objs/arch/arm/k60/timer/ftm_timer.o
 .debug_frame   0x00000b20       0xa0 objs/arch/arm/k60/timer/lptmr.o
 .debug_frame   0x00000bc0       0x88 objs/arch/arm/k60/timer/pit.o
 .debug_frame   0x00000c48      0x1f8 objs/modules/comm/mmc.o
 .debug_frame   0x00000e40       0x90 objs/modules/comm/sd.o
 .debug_frame   0x00000ed0       0x84 objs/modules/comm/sd_send.o
 .debug_frame   0x00000f54      0x1c4 objs/modules/comm/serial.o
 .debug_frame   0x00001118       0x70 objs/modules/comm/telecontrol.o
 .debug_frame   0x00001188      0x168 objs/modules/device/light.o
 .debug_frame   0x000012f0       0xd0 objs/modules/device/motor.o
 .debug_frame   0x000013c0       0xf0 objs/modules/device/motor_robot.o
 .debug_frame   0x000014b0       0xac objs/modules/device/speaker.o
 .debug_frame   0x0000155c       0x90 objs/modules/device/steer.o
 .debug_frame   0x000015ec       0x90 objs/modules/device/switch.o
 .debug_frame   0x0000167c       0x70 objs/modules/sensor/accelerometer.o
 .debug_frame   0x000016ec       0xa4 objs/modules/sensor/decoder.o
 .debug_frame   0x00001790       0x70 objs/modules/sensor/gyro.o
 .debug_frame   0x00001800       0xe4 objs/modules/sensor/infrared.o
 .debug_frame   0x000018e4       0xdc objs/modules/signal/image_process.o
 .debug_frame   0x000019c0       0x34 objs/modules/signal/iteration.o
 .debug_frame   0x000019f4       0x4c objs/modules/signal/mid_fil.o
 .debug_frame   0x00001a40       0x34 objs/modules/signal/otsu.o
 .debug_frame   0x00001a74       0x50 objs/common/target_libc.o
 .debug_frame   0x00001ac4       0x50 objs/common/ntshell_cmd/control_ntshell.o
 .debug_frame   0x00001b14       0x6c objs/common/ntshell_cmd/decoder_ntshell.o
 .debug_frame   0x00001b80       0x50 objs/common/ntshell_cmd/help_ntshell.o
 .debug_frame   0x00001bd0       0x6c objs/common/ntshell_cmd/light_ntshell.o
 .debug_frame   0x00001c3c       0x6c objs/common/ntshell_cmd/motor_ntshell.o
 .debug_frame   0x00001ca8       0x6c objs/common/ntshell_cmd/sd_ntshell.o
 .debug_frame   0x00001d14       0x6c objs/common/ntshell_cmd/speaker_ntshell.o
 .debug_frame   0x00001d80       0x90 objs/common/ntshell_cmd/sram_ntshell.o
 .debug_frame   0x00001e10       0x6c objs/common/ntshell_cmd/switch_ntshell.o
 .debug_frame   0x00001e7c       0xac objs/common/ntshell_cmd/task_ntshell.o
 .debug_frame   0x00001f28       0x9c objs/library/ntshell/ntlibc.o
 .debug_frame   0x00001fc4       0x68 objs/library/ntshell/ntopt.o
 .debug_frame   0x0000202c      0x1cc objs/library/ntshell/ntshell.o
 .debug_frame   0x000021f8      0x144 objs/library/ntshell/text_editor.o
 .debug_frame   0x0000233c       0xbc objs/library/ntshell/text_history.o
 .debug_frame   0x000023f8       0x8c objs/library/ntshell/vtparse.o
 .debug_frame   0x00002484       0x9c objs/library/ntshell/vtparse_table.o
 .debug_frame   0x00002520      0x610 objs/library/fatfs/ff.o
 .debug_frame   0x00002b30       0xb0 objs/app/laser_car/laser_car.o
 .debug_frame   0x00002be0       0x30 /home/hcx/Java/CodeSourcery/Sourcery_G++_Lite/bin/../lib/gcc/arm-none-eabi/4.5.2/../../../../arm-none-eabi/lib/thumb2/libc.a(lib_a-atoi.o)
 .debug_frame   0x00002c10      0x134 /home/hcx/Java/CodeSourcery/Sourcery_G++_Lite/bin/../lib/gcc/arm-none-eabi/4.5.2/../../../../arm-none-eabi/lib/thumb2/libc.a(lib_a-getopt.o)
 .debug_frame   0x00002d44       0x2c /home/hcx/Java/CodeSourcery/Sourcery_G++_Lite/bin/../lib/gcc/arm-none-eabi/4.5.2/../../../../arm-none-eabi/lib/thumb2/libc.a(lib_a-memcmp.o)
 .debug_frame   0x00002d70       0x2c /home/hcx/Java/CodeSourcery/Sourcery_G++_Lite/bin/../lib/gcc/arm-none-eabi/4.5.2/../../../../arm-none-eabi/lib/thumb2/libc.a(lib_a-memset.o)
 .debug_frame   0x00002d9c       0x5c /home/hcx/Java/CodeSourcery/Sourcery_G++_Lite/bin/../lib/gcc/arm-none-eabi/4.5.2/../../../../arm-none-eabi/lib/thumb2/libc.a(lib_a-printf.o)
 .debug_frame   0x00002df8       0x40 /home/hcx/Java/CodeSourcery/Sourcery_G++_Lite/bin/../lib/gcc/arm-none-eabi/4.5.2/../../../../arm-none-eabi/lib/thumb2/libc.a(lib_a-puts.o)
 .debug_frame   0x00002e38       0x2c /home/hcx/Java/CodeSourcery/Sourcery_G++_Lite/bin/../lib/gcc/arm-none-eabi/4.5.2/../../../../arm-none-eabi/lib/thumb2/libc.a(lib_a-strchr.o)
 .debug_frame   0x00002e64       0x30 /home/hcx/Java/CodeSourcery/Sourcery_G++_Lite/bin/../lib/gcc/arm-none-eabi/4.5.2/../../../../arm-none-eabi/lib/thumb2/libc.a(lib_a-strcmp.o)
 .debug_frame   0x00002e94       0x20 /home/hcx/Java/CodeSourcery/Sourcery_G++_Lite/bin/../lib/gcc/arm-none-eabi/4.5.2/../../../../arm-none-eabi/lib/thumb2/libc.a(lib_a-strlen.o)
 .debug_frame   0x00002eb4       0x54 /home/hcx/Java/CodeSourcery/Sourcery_G++_Lite/bin/../lib/gcc/arm-none-eabi/4.5.2/../../../../arm-none-eabi/lib/thumb2/libc.a(lib_a-strtol.o)
 .debug_frame   0x00002f08       0x58 /home/hcx/Java/CodeSourcery/Sourcery_G++_Lite/bin/../lib/gcc/arm-none-eabi/4.5.2/../../../../arm-none-eabi/lib/thumb2/libc.a(lib_a-vfprintf.o)
 .debug_frame   0x00002f60       0x2c /home/hcx/Java/CodeSourcery/Sourcery_G++_Lite/bin/../lib/gcc/arm-none-eabi/4.5.2/../../../../arm-none-eabi/lib/thumb2/libc.a(lib_a-wsetup.o)
 .debug_frame   0x00002f8c       0x68 /home/hcx/Java/CodeSourcery/Sourcery_G++_Lite/bin/../lib/gcc/arm-none-eabi/4.5.2/../../../../arm-none-eabi/lib/thumb2/libc.a(lib_a-dtoa.o)
 .debug_frame   0x00002ff4       0x40 /home/hcx/Java/CodeSourcery/Sourcery_G++_Lite/bin/../lib/gcc/arm-none-eabi/4.5.2/../../../../arm-none-eabi/lib/thumb2/libc.a(lib_a-fflush.o)
 .debug_frame   0x00003034      0x114 /home/hcx/Java/CodeSourcery/Sourcery_G++_Lite/bin/../lib/gcc/arm-none-eabi/4.5.2/../../../../arm-none-eabi/lib/thumb2/libc.a(lib_a-findfp.o)
 .debug_frame   0x00003148       0x5c /home/hcx/Java/CodeSourcery/Sourcery_G++_Lite/bin/../lib/gcc/arm-none-eabi/4.5.2/../../../../arm-none-eabi/lib/thumb2/libc.a(lib_a-fprintf.o)
 .debug_frame   0x000031a4       0x50 /home/hcx/Java/CodeSourcery/Sourcery_G++_Lite/bin/../lib/gcc/arm-none-eabi/4.5.2/../../../../arm-none-eabi/lib/thumb2/libc.a(lib_a-freer.o)
 .debug_frame   0x000031f4       0x3c /home/hcx/Java/CodeSourcery/Sourcery_G++_Lite/bin/../lib/gcc/arm-none-eabi/4.5.2/../../../../arm-none-eabi/lib/thumb2/libc.a(lib_a-fvwrite.o)
 .debug_frame   0x00003230       0x58 /home/hcx/Java/CodeSourcery/Sourcery_G++_Lite/bin/../lib/gcc/arm-none-eabi/4.5.2/../../../../arm-none-eabi/lib/thumb2/libc.a(lib_a-fwalk.o)
 .debug_frame   0x00003288       0x3c /home/hcx/Java/CodeSourcery/Sourcery_G++_Lite/bin/../lib/gcc/arm-none-eabi/4.5.2/../../../../arm-none-eabi/lib/thumb2/libc.a(lib_a-getenv.o)
 .debug_frame   0x000032c4       0x50 /home/hcx/Java/CodeSourcery/Sourcery_G++_Lite/bin/../lib/gcc/arm-none-eabi/4.5.2/../../../../arm-none-eabi/lib/thumb2/libc.a(lib_a-getenv_r.o)
 .debug_frame   0x00003314       0x98 /home/hcx/Java/CodeSourcery/Sourcery_G++_Lite/bin/../lib/gcc/arm-none-eabi/4.5.2/../../../../arm-none-eabi/lib/thumb2/libc.a(lib_a-locale.o)
 .debug_frame   0x000033ac       0x34 /home/hcx/Java/CodeSourcery/Sourcery_G++_Lite/bin/../lib/gcc/arm-none-eabi/4.5.2/../../../../arm-none-eabi/lib/thumb2/libc.a(lib_a-makebuf.o)
 .debug_frame   0x000033e0       0x30 /home/hcx/Java/CodeSourcery/Sourcery_G++_Lite/bin/../lib/gcc/arm-none-eabi/4.5.2/../../../../arm-none-eabi/lib/thumb2/libc.a(lib_a-malloc.o)
 .debug_frame   0x00003410       0x3c /home/hcx/Java/CodeSourcery/Sourcery_G++_Lite/bin/../lib/gcc/arm-none-eabi/4.5.2/../../../../arm-none-eabi/lib/thumb2/libc.a(lib_a-mallocr.o)
 .debug_frame   0x0000344c       0x2c /home/hcx/Java/CodeSourcery/Sourcery_G++_Lite/bin/../lib/gcc/arm-none-eabi/4.5.2/../../../../arm-none-eabi/lib/thumb2/libc.a(lib_a-memchr.o)
 .debug_frame   0x00003478       0x30 /home/hcx/Java/CodeSourcery/Sourcery_G++_Lite/bin/../lib/gcc/arm-none-eabi/4.5.2/../../../../arm-none-eabi/lib/thumb2/libc.a(lib_a-memcpy.o)
 .debug_frame   0x000034a8       0x2c /home/hcx/Java/CodeSourcery/Sourcery_G++_Lite/bin/../lib/gcc/arm-none-eabi/4.5.2/../../../../arm-none-eabi/lib/thumb2/libc.a(lib_a-memmove.o)
 .debug_frame   0x000034d4       0x30 /home/hcx/Java/CodeSourcery/Sourcery_G++_Lite/bin/../lib/gcc/arm-none-eabi/4.5.2/../../../../arm-none-eabi/lib/thumb2/libc.a(lib_a-mlock.o)
 .debug_frame   0x00003504      0x244 /home/hcx/Java/CodeSourcery/Sourcery_G++_Lite/bin/../lib/gcc/arm-none-eabi/4.5.2/../../../../arm-none-eabi/lib/thumb2/libc.a(lib_a-mprec.o)
 .debug_frame   0x00003748       0x3c /home/hcx/Java/CodeSourcery/Sourcery_G++_Lite/bin/../lib/gcc/arm-none-eabi/4.5.2/../../../../arm-none-eabi/lib/thumb2/libc.a(lib_a-reallocr.o)
 .debug_frame   0x00003784       0x28 /home/hcx/Java/CodeSourcery/Sourcery_G++_Lite/bin/../lib/gcc/arm-none-eabi/4.5.2/../../../../arm-none-eabi/lib/thumb2/libc.a(lib_a-s_fpclassify.o)
 .debug_frame   0x000037ac       0x2c /home/hcx/Java/CodeSourcery/Sourcery_G++_Lite/bin/../lib/gcc/arm-none-eabi/4.5.2/../../../../arm-none-eabi/lib/thumb2/libc.a(lib_a-sbrkr.o)
 .debug_frame   0x000037d8       0x80 /home/hcx/Java/CodeSourcery/Sourcery_G++_Lite/bin/../lib/gcc/arm-none-eabi/4.5.2/../../../../arm-none-eabi/lib/thumb2/libc.a(lib_a-stdio.o)
 .debug_frame   0x00003858       0x2c /home/hcx/Java/CodeSourcery/Sourcery_G++_Lite/bin/../lib/gcc/arm-none-eabi/4.5.2/../../../../arm-none-eabi/lib/thumb2/libc.a(lib_a-strncmp.o)
 .debug_frame   0x00003884       0x7c /home/hcx/Java/CodeSourcery/Sourcery_G++_Lite/bin/../lib/gcc/arm-none-eabi/4.5.2/../../../../arm-none-eabi/lib/thumb2/libc.a(lib_a-vfiprintf.o)
 .debug_frame   0x00003900       0x2c /home/hcx/Java/CodeSourcery/Sourcery_G++_Lite/bin/../lib/gcc/arm-none-eabi/4.5.2/../../../../arm-none-eabi/lib/thumb2/libc.a(lib_a-writer.o)
 .debug_frame   0x0000392c       0x2c /home/hcx/Java/CodeSourcery/Sourcery_G++_Lite/bin/../lib/gcc/arm-none-eabi/4.5.2/../../../../arm-none-eabi/lib/thumb2/libc.a(lib_a-callocr.o)
 .debug_frame   0x00003958       0x2c /home/hcx/Java/CodeSourcery/Sourcery_G++_Lite/bin/../lib/gcc/arm-none-eabi/4.5.2/../../../../arm-none-eabi/lib/thumb2/libc.a(lib_a-closer.o)
 .debug_frame   0x00003984       0x30 /home/hcx/Java/CodeSourcery/Sourcery_G++_Lite/bin/../lib/gcc/arm-none-eabi/4.5.2/../../../../arm-none-eabi/lib/thumb2/libc.a(lib_a-envlock.o)
 .debug_frame   0x000039b4       0x3c /home/hcx/Java/CodeSourcery/Sourcery_G++_Lite/bin/../lib/gcc/arm-none-eabi/4.5.2/../../../../arm-none-eabi/lib/thumb2/libc.a(lib_a-fclose.o)
 .debug_frame   0x000039f0       0x54 /home/hcx/Java/CodeSourcery/Sourcery_G++_Lite/bin/../lib/gcc/arm-none-eabi/4.5.2/../../../../arm-none-eabi/lib/thumb2/libc.a(lib_a-fputwc.o)
 .debug_frame   0x00003a44       0x2c /home/hcx/Java/CodeSourcery/Sourcery_G++_Lite/bin/../lib/gcc/arm-none-eabi/4.5.2/../../../../arm-none-eabi/lib/thumb2/libc.a(lib_a-fstatr.o)
 .debug_frame   0x00003a70       0x2c /home/hcx/Java/CodeSourcery/Sourcery_G++_Lite/bin/../lib/gcc/arm-none-eabi/4.5.2/../../../../arm-none-eabi/lib/thumb2/libc.a(lib_a-isattyr.o)
 .debug_frame   0x00003a9c       0x2c /home/hcx/Java/CodeSourcery/Sourcery_G++_Lite/bin/../lib/gcc/arm-none-eabi/4.5.2/../../../../arm-none-eabi/lib/thumb2/libc.a(lib_a-lseekr.o)
 .debug_frame   0x00003ac8       0x2c /home/hcx/Java/CodeSourcery/Sourcery_G++_Lite/bin/../lib/gcc/arm-none-eabi/4.5.2/../../../../arm-none-eabi/lib/thumb2/libc.a(lib_a-readr.o)
 .debug_frame   0x00003af4       0x68 /home/hcx/Java/CodeSourcery/Sourcery_G++_Lite/bin/../lib/gcc/arm-none-eabi/4.5.2/../../../../arm-none-eabi/lib/thumb2/libc.a(lib_a-reent.o)
 .debug_frame   0x00003b5c       0x3c /home/hcx/Java/CodeSourcery/Sourcery_G++_Lite/bin/../lib/gcc/arm-none-eabi/4.5.2/../../../../arm-none-eabi/lib/thumb2/libc.a(lib_a-wbuf.o)
 .debug_frame   0x00003b98       0x5c /home/hcx/Java/CodeSourcery/Sourcery_G++_Lite/bin/../lib/gcc/arm-none-eabi/4.5.2/../../../../arm-none-eabi/lib/thumb2/libc.a(lib_a-wcrtomb.o)
 .debug_frame   0x00003bf4       0x44 /home/hcx/Java/CodeSourcery/Sourcery_G++_Lite/bin/../lib/gcc/arm-none-eabi/4.5.2/../../../../arm-none-eabi/lib/thumb2/libc.a(lib_a-wctomb_r.o)
 .debug_frame   0x00003c38       0x20 /home/hcx/Java/CodeSourcery/Sourcery_G++_Lite/bin/../lib/gcc/arm-none-eabi/4.5.2/thumb2/libgcc.a(_udivsi3.o)
 .debug_frame   0x00003c58       0x50 /home/hcx/Java/CodeSourcery/Sourcery_G++_Lite/bin/../lib/gcc/arm-none-eabi/4.5.2/thumb2/libgcc.a(bpabi.o)
 .debug_frame   0x00003ca8       0x3c /home/hcx/Java/CodeSourcery/Sourcery_G++_Lite/bin/../lib/gcc/arm-none-eabi/4.5.2/thumb2/libgcc.a(_divdi3.o)
 .debug_frame   0x00003ce4       0x3c /home/hcx/Java/CodeSourcery/Sourcery_G++_Lite/bin/../lib/gcc/arm-none-eabi/4.5.2/thumb2/libgcc.a(_udivdi3.o)
 .debug_frame   0x00003d20       0x2c library/CMSIS_V3P00/CMSIS/DSP_Lib/libcmsis.a(arm_max_q7.o)
 .debug_frame   0x00003d4c       0x40 /home/hcx/Java/CodeSourcery/Sourcery_G++_Lite/bin/../lib/gcc/arm-none-eabi/4.5.2/../../../../arm-none-eabi/lib/thumb2/libcs3.a(start_c.o)
 .debug_frame   0x00003d8c       0x28 /home/hcx/Java/CodeSourcery/Sourcery_G++_Lite/bin/../lib/gcc/arm-none-eabi/4.5.2/../../../../arm-none-eabi/lib/thumb2/libcs3unhosted.a(unhosted-_close.o)
 .debug_frame   0x00003db4       0x28 /home/hcx/Java/CodeSourcery/Sourcery_G++_Lite/bin/../lib/gcc/arm-none-eabi/4.5.2/../../../../arm-none-eabi/lib/thumb2/libcs3unhosted.a(unhosted-_fstat.o)
 .debug_frame   0x00003ddc       0x28 /home/hcx/Java/CodeSourcery/Sourcery_G++_Lite/bin/../lib/gcc/arm-none-eabi/4.5.2/../../../../arm-none-eabi/lib/thumb2/libcs3unhosted.a(unhosted-isatty.o)
 .debug_frame   0x00003e04       0x28 /home/hcx/Java/CodeSourcery/Sourcery_G++_Lite/bin/../lib/gcc/arm-none-eabi/4.5.2/../../../../arm-none-eabi/lib/thumb2/libcs3unhosted.a(unhosted-_lseek.o)
 .debug_frame   0x00003e2c       0x28 /home/hcx/Java/CodeSourcery/Sourcery_G++_Lite/bin/../lib/gcc/arm-none-eabi/4.5.2/../../../../arm-none-eabi/lib/thumb2/libcs3unhosted.a(unhosted-sbrk.o)
 .debug_frame   0x00003e54       0x20 /home/hcx/Java/CodeSourcery/Sourcery_G++_Lite/bin/../lib/gcc/arm-none-eabi/4.5.2/../../../../arm-none-eabi/lib/thumb2/libc.a(lib_a-errno.o)
 .debug_frame   0x00003e74       0x2c /home/hcx/Java/CodeSourcery/Sourcery_G++_Lite/bin/../lib/gcc/arm-none-eabi/4.5.2/../../../../arm-none-eabi/lib/thumb2/libc.a(lib_a-init.o)

.debug_str      0x00000000     0x3c8f
 *(.debug_str)
 .debug_str     0x00000000      0x20f objs/arch/arm/k60/analog/adc.o
                                0x256 (size before relaxing)
 .debug_str     0x0000020f      0x1c8 objs/arch/arm/k60/clock/sysinit.o
                                0x360 (size before relaxing)
 .debug_str     0x000003d7      0x25f objs/arch/arm/k60/comi/sdhc.o
                                0x46a (size before relaxing)
 .debug_str     0x00000636       0xa8 objs/arch/arm/k60/comi/sd_rw.o
                                0x174 (size before relaxing)
 .debug_str     0x000006de      0x745 objs/arch/arm/k60/comi/spi.o
                                0x91b (size before relaxing)
 .debug_str     0x00000e23      0x265 objs/arch/arm/k60/comi/target_serial.o
                                0xa91 (size before relaxing)
 .debug_str     0x00001088       0x87 objs/arch/arm/k60/core/common.o
                                0x169 (size before relaxing)
 .debug_str     0x0000110f      0x153 objs/arch/arm/k60/core/exception.o
                                0x8dd (size before relaxing)
 .debug_str     0x00001262       0xbe objs/arch/arm/k60/core/sys_timer.o
                                0x7a4 (size before relaxing)
 .debug_str     0x00001320       0x9e objs/arch/arm/k60/hmi/gpio.o
                                0x1ce (size before relaxing)
 .debug_str     0x000013be       0x62 objs/arch/arm/k60/memory/flexbus.o
                                0x17e (size before relaxing)
 .debug_str     0x00001420       0x4a objs/arch/arm/k60/system/wdog.o
                                0x173 (size before relaxing)
 .debug_str     0x0000146a       0xcf objs/arch/arm/k60/timer/ftm_decoder.o
                                0x2a7 (size before relaxing)
 .debug_str     0x00001539       0x94 objs/arch/arm/k60/timer/ftm_pwm.o
                                0x32b (size before relaxing)
 .debug_str     0x000015cd       0xae objs/arch/arm/k60/timer/ftm_timer.o
                                0x905 (size before relaxing)
 .debug_str     0x0000167b       0x93 objs/arch/arm/k60/timer/lptmr.o
                                0x8a7 (size before relaxing)
 .debug_str     0x0000170e       0x95 objs/arch/arm/k60/timer/pit.o
                                0x849 (size before relaxing)
 .debug_str     0x000017a3      0x139 objs/modules/comm/mmc.o
                                0x242 (size before relaxing)
 .debug_str     0x000018dc      0x1ff objs/modules/comm/sd.o
                                0x2db (size before relaxing)
 .debug_str     0x00001adb       0xdd objs/modules/comm/sd_send.o
                                0x1b5 (size before relaxing)
 .debug_str     0x00001bb8      0x265 objs/modules/comm/serial.o
                                0x37c (size before relaxing)
 .debug_str     0x00001e1d       0x9f objs/modules/comm/telecontrol.o
                                0x187 (size before relaxing)
 .debug_str     0x00001ebc      0x105 objs/modules/device/light.o
                                0x213 (size before relaxing)
 .debug_str     0x00001fc1       0xfb objs/modules/device/motor.o
                                0x1f8 (size before relaxing)
 .debug_str     0x000020bc      0x13b objs/modules/device/motor_robot.o
                                0x2a1 (size before relaxing)
 .debug_str     0x000021f7       0xb3 objs/modules/device/speaker.o
                                0x195 (size before relaxing)
 .debug_str     0x000022aa       0xc7 objs/modules/device/steer.o
                                0x1e8 (size before relaxing)
 .debug_str     0x00002371      0x118 objs/modules/device/switch.o
                                0x202 (size before relaxing)
 .debug_str     0x00002489       0x89 objs/modules/sensor/accelerometer.o
                                0x184 (size before relaxing)
 .debug_str     0x00002512       0xe0 objs/modules/sensor/decoder.o
                                0x20e (size before relaxing)
 .debug_str     0x000025f2       0x7d objs/modules/sensor/gyro.o
                                0x178 (size before relaxing)
 .debug_str     0x0000266f       0xf8 objs/modules/sensor/infrared.o
                                0x216 (size before relaxing)
 .debug_str     0x00002767      0x242 objs/modules/signal/image_process.o
                                0x33f (size before relaxing)
 .debug_str     0x000029a9       0xb8 objs/modules/signal/iteration.o
                                0x17e (size before relaxing)
 .debug_str     0x00002a61       0x56 objs/modules/signal/mid_fil.o
                                0x111 (size before relaxing)
 .debug_str     0x00002ab7       0x34 objs/modules/signal/otsu.o
                                0x111 (size before relaxing)
 .debug_str     0x00002aeb       0x15 objs/common/target_libc.o
                                 0xeb (size before relaxing)
 .debug_str     0x00002b00       0x6f objs/common/ntshell_cmd/control_ntshell.o
                                0x155 (size before relaxing)
 .debug_str     0x00002b6f       0x7f objs/common/ntshell_cmd/decoder_ntshell.o
                                0x176 (size before relaxing)
 .debug_str     0x00002bee       0x3b objs/common/ntshell_cmd/help_ntshell.o
                                0x10a (size before relaxing)
 .debug_str     0x00002c29       0x3e objs/common/ntshell_cmd/light_ntshell.o
                                0x12f (size before relaxing)
 .debug_str     0x00002c67       0x6a objs/common/ntshell_cmd/motor_ntshell.o
                                0x15b (size before relaxing)
 .debug_str     0x00002cd1       0x76 objs/common/ntshell_cmd/sd_ntshell.o
                                0x244 (size before relaxing)
 .debug_str     0x00002d47       0x44 objs/common/ntshell_cmd/speaker_ntshell.o
                                0x135 (size before relaxing)
 .debug_str     0x00002d8b       0x47 objs/common/ntshell_cmd/sram_ntshell.o
                                0x137 (size before relaxing)
 .debug_str     0x00002dd2       0x4d objs/common/ntshell_cmd/switch_ntshell.o
                                0x155 (size before relaxing)
 .debug_str     0x00002e1f      0x404 objs/common/ntshell_cmd/task_ntshell.o
                                0x513 (size before relaxing)
 .debug_str     0x00003223       0x67 objs/library/ntshell/ntlibc.o
                                 0xa6 (size before relaxing)
 .debug_str     0x0000328a       0x49 objs/library/ntshell/ntopt.o
                                 0x97 (size before relaxing)
 .debug_str     0x000032d3      0x186 objs/library/ntshell/ntshell.o
                                0x593 (size before relaxing)
 .debug_str     0x00003459      0x115 objs/library/ntshell/text_editor.o
                                0x169 (size before relaxing)
 .debug_str     0x0000356e       0xd1 objs/library/ntshell/text_history.o
                                0x132 (size before relaxing)
 .debug_str     0x0000363f       0x98 objs/library/ntshell/vtparse.o
                                0x4bb (size before relaxing)
 .debug_str     0x000036d7       0x74 objs/library/ntshell/vtparse_table.o
                                0x3f0 (size before relaxing)
 .debug_str     0x0000374b      0x2cd objs/library/fatfs/ff.o
                                0x5b3 (size before relaxing)
 .debug_str     0x00003a18      0x195 objs/app/laser_car/laser_car.o
                                0x2c9 (size before relaxing)
 .debug_str     0x00003bad       0xe2 library/CMSIS_V3P00/CMSIS/DSP_Lib/libcmsis.a(arm_max_q7.o)
                                0x1a0 (size before relaxing)

.debug_loc      0x00000000     0x4973
 *(.debug_loc)
 .debug_loc     0x00000000       0xe0 objs/arch/arm/k60/analog/adc.o
 .debug_loc     0x000000e0       0xf4 objs/arch/arm/k60/clock/sysinit.o
 .debug_loc     0x000001d4      0x1b6 objs/arch/arm/k60/comi/sdhc.o
 .debug_loc     0x0000038a      0x118 objs/arch/arm/k60/comi/sd_rw.o
 .debug_loc     0x000004a2      0x188 objs/arch/arm/k60/comi/spi.o
 .debug_loc     0x0000062a      0x348 objs/arch/arm/k60/comi/target_serial.o
 .debug_loc     0x00000972       0x58 objs/arch/arm/k60/core/common.o
 .debug_loc     0x000009ca      0x258 objs/arch/arm/k60/core/exception.o
 .debug_loc     0x00000c22      0x12c objs/arch/arm/k60/core/sys_timer.o
 .debug_loc     0x00000d4e      0x150 objs/arch/arm/k60/hmi/gpio.o
 .debug_loc     0x00000e9e       0x2c objs/arch/arm/k60/memory/flexbus.o
 .debug_loc     0x00000eca       0xb0 objs/arch/arm/k60/system/wdog.o
 .debug_loc     0x00000f7a       0x38 objs/arch/arm/k60/timer/ftm_decoder.o
 .debug_loc     0x00000fb2      0x1c0 objs/arch/arm/k60/timer/ftm_pwm.o
 .debug_loc     0x00001172      0x164 objs/arch/arm/k60/timer/ftm_timer.o
 .debug_loc     0x000012d6       0xf4 objs/arch/arm/k60/timer/lptmr.o
 .debug_loc     0x000013ca       0xd4 objs/arch/arm/k60/timer/pit.o
 .debug_loc     0x0000149e      0x350 objs/modules/comm/mmc.o
 .debug_loc     0x000017ee       0xe0 objs/modules/comm/sd.o
 .debug_loc     0x000018ce       0xe0 objs/modules/comm/sd_send.o
 .debug_loc     0x000019ae      0x310 objs/modules/comm/serial.o
 .debug_loc     0x00001cbe       0xa8 objs/modules/comm/telecontrol.o
 .debug_loc     0x00001d66      0x25c objs/modules/device/light.o
 .debug_loc     0x00001fc2      0x150 objs/modules/device/motor.o
 .debug_loc     0x00002112      0x188 objs/modules/device/motor_robot.o
 .debug_loc     0x0000229a      0x118 objs/modules/device/speaker.o
 .debug_loc     0x000023b2       0xe0 objs/modules/device/steer.o
 .debug_loc     0x00002492       0xe0 objs/modules/device/switch.o
 .debug_loc     0x00002572       0xa8 objs/modules/sensor/accelerometer.o
 .debug_loc     0x0000261a      0x10c objs/modules/sensor/decoder.o
 .debug_loc     0x00002726       0xa8 objs/modules/sensor/gyro.o
 .debug_loc     0x000027ce      0x188 objs/modules/sensor/infrared.o
 .debug_loc     0x00002956      0x18a objs/modules/signal/image_process.o
 .debug_loc     0x00002ae0       0x47 objs/modules/signal/iteration.o
 .debug_loc     0x00002b27       0x70 objs/modules/signal/mid_fil.o
 .debug_loc     0x00002b97       0x3a objs/modules/signal/otsu.o
 .debug_loc     0x00002bd1       0x70 objs/common/target_libc.o
 .debug_loc     0x00002c41       0x70 objs/common/ntshell_cmd/control_ntshell.o
 .debug_loc     0x00002cb1       0x9c objs/common/ntshell_cmd/decoder_ntshell.o
 .debug_loc     0x00002d4d       0x70 objs/common/ntshell_cmd/help_ntshell.o
 .debug_loc     0x00002dbd       0x9c objs/common/ntshell_cmd/light_ntshell.o
 .debug_loc     0x00002e59       0x9c objs/common/ntshell_cmd/motor_ntshell.o
 .debug_loc     0x00002ef5       0x9c objs/common/ntshell_cmd/sd_ntshell.o
 .debug_loc     0x00002f91       0x9c objs/common/ntshell_cmd/speaker_ntshell.o
 .debug_loc     0x0000302d       0xe0 objs/common/ntshell_cmd/sram_ntshell.o
 .debug_loc     0x0000310d       0x9c objs/common/ntshell_cmd/switch_ntshell.o
 .debug_loc     0x000031a9      0x118 objs/common/ntshell_cmd/task_ntshell.o
 .debug_loc     0x000032c1      0x118 objs/library/ntshell/ntlibc.o
 .debug_loc     0x000033d9       0xaa objs/library/ntshell/ntopt.o
 .debug_loc     0x00003483      0x320 objs/library/ntshell/ntshell.o
 .debug_loc     0x000037a3      0x268 objs/library/ntshell/text_editor.o
 .debug_loc     0x00003a0b      0x150 objs/library/ntshell/text_history.o
 .debug_loc     0x00003b5b       0xe0 objs/library/ntshell/vtparse.o
 .debug_loc     0x00003c3b      0x118 objs/library/ntshell/vtparse_table.o
 .debug_loc     0x00003d53      0xace objs/library/fatfs/ff.o
 .debug_loc     0x00004821      0x11a objs/app/laser_car/laser_car.o
 .debug_loc     0x0000493b       0x38 library/CMSIS_V3P00/CMSIS/DSP_Lib/libcmsis.a(arm_max_q7.o)

.debug_macinfo
 *(.debug_macinfo)

.debug_weaknames
 *(.debug_weaknames)

.debug_funcnames
 *(.debug_funcnames)

.debug_typenames
 *(.debug_typenames)

.debug_varnames
 *(.debug_varnames)

.note.gnu.arm.ident
 *(.note.gnu.arm.ident)

.ARM.attributes
                0x00000000       0x2d
 *(.ARM.attributes)
 .ARM.attributes
                0x00000000       0x19 /home/hcx/Java/CodeSourcery/Sourcery_G++_Lite/bin/../lib/gcc/arm-none-eabi/4.5.2/thumb2/crti.o
 .ARM.attributes
                0x00000019       0x29 /home/hcx/Java/CodeSourcery/Sourcery_G++_Lite/bin/../lib/gcc/arm-none-eabi/4.5.2/thumb2/crtbegin.o
 .ARM.attributes
                0x00000042       0x21 objs/arch/arm/k60/startup/start.o
 .ARM.attributes
                0x00000063       0x31 objs/arch/arm/k60/analog/adc.o
 .ARM.attributes
                0x00000094       0x31 objs/arch/arm/k60/clock/sysinit.o
 .ARM.attributes
                0x000000c5       0x31 objs/arch/arm/k60/comi/sdhc.o
 .ARM.attributes
                0x000000f6       0x31 objs/arch/arm/k60/comi/sd_rw.o
 .ARM.attributes
                0x00000127       0x31 objs/arch/arm/k60/comi/spi.o
 .ARM.attributes
                0x00000158       0x31 objs/arch/arm/k60/comi/target_serial.o
 .ARM.attributes
                0x00000189       0x31 objs/arch/arm/k60/core/common.o
 .ARM.attributes
                0x000001ba       0x31 objs/arch/arm/k60/core/exception.o
 .ARM.attributes
                0x000001eb       0x31 objs/arch/arm/k60/core/sys_timer.o
 .ARM.attributes
                0x0000021c       0x31 objs/arch/arm/k60/hmi/gpio.o
 .ARM.attributes
                0x0000024d       0x31 objs/arch/arm/k60/memory/flexbus.o
 .ARM.attributes
                0x0000027e       0x31 objs/arch/arm/k60/system/wdog.o
 .ARM.attributes
                0x000002af       0x31 objs/arch/arm/k60/timer/ftm_decoder.o
 .ARM.attributes
                0x000002e0       0x31 objs/arch/arm/k60/timer/ftm_pwm.o
 .ARM.attributes
                0x00000311       0x31 objs/arch/arm/k60/timer/ftm_timer.o
 .ARM.attributes
                0x00000342       0x31 objs/arch/arm/k60/timer/lptmr.o
 .ARM.attributes
                0x00000373       0x31 objs/arch/arm/k60/timer/pit.o
 .ARM.attributes
                0x000003a4       0x31 objs/modules/comm/mmc.o
 .ARM.attributes
                0x000003d5       0x31 objs/modules/comm/sd.o
 .ARM.attributes
                0x00000406       0x31 objs/modules/comm/sd_send.o
 .ARM.attributes
                0x00000437       0x31 objs/modules/comm/serial.o
 .ARM.attributes
                0x00000468       0x31 objs/modules/comm/telecontrol.o
 .ARM.attributes
                0x00000499       0x31 objs/modules/device/light.o
 .ARM.attributes
                0x000004ca       0x31 objs/modules/device/motor.o
 .ARM.attributes
                0x000004fb       0x31 objs/modules/device/motor_robot.o
 .ARM.attributes
                0x0000052c       0x31 objs/modules/device/speaker.o
 .ARM.attributes
                0x0000055d       0x31 objs/modules/device/steer.o
 .ARM.attributes
                0x0000058e       0x31 objs/modules/device/switch.o
 .ARM.attributes
                0x000005bf       0x31 objs/modules/sensor/accelerometer.o
 .ARM.attributes
                0x000005f0       0x31 objs/modules/sensor/decoder.o
 .ARM.attributes
                0x00000621       0x31 objs/modules/sensor/gyro.o
 .ARM.attributes
                0x00000652       0x31 objs/modules/sensor/infrared.o
 .ARM.attributes
                0x00000683       0x31 objs/modules/signal/image_process.o
 .ARM.attributes
                0x000006b4       0x31 objs/modules/signal/iteration.o
 .ARM.attributes
                0x000006e5       0x31 objs/modules/signal/mid_fil.o
 .ARM.attributes
                0x00000716       0x31 objs/modules/signal/otsu.o
 .ARM.attributes
                0x00000747       0x31 objs/common/target_libc.o
 .ARM.attributes
                0x00000778       0x31 objs/common/ntshell_cmd/control_ntshell.o
 .ARM.attributes
                0x000007a9       0x31 objs/common/ntshell_cmd/decoder_ntshell.o
 .ARM.attributes
                0x000007da       0x31 objs/common/ntshell_cmd/help_ntshell.o
 .ARM.attributes
                0x0000080b       0x31 objs/common/ntshell_cmd/light_ntshell.o
 .ARM.attributes
                0x0000083c       0x31 objs/common/ntshell_cmd/motor_ntshell.o
 .ARM.attributes
                0x0000086d       0x31 objs/common/ntshell_cmd/sd_ntshell.o
 .ARM.attributes
                0x0000089e       0x31 objs/common/ntshell_cmd/speaker_ntshell.o
 .ARM.attributes
                0x000008cf       0x31 objs/common/ntshell_cmd/sram_ntshell.o
 .ARM.attributes
                0x00000900       0x31 objs/common/ntshell_cmd/switch_ntshell.o
 .ARM.attributes
                0x00000931       0x31 objs/common/ntshell_cmd/task_ntshell.o
 .ARM.attributes
                0x00000962       0x31 objs/library/ntshell/ntlibc.o
 .ARM.attributes
                0x00000993       0x31 objs/library/ntshell/ntopt.o
 .ARM.attributes
                0x000009c4       0x31 objs/library/ntshell/ntshell.o
 .ARM.attributes
                0x000009f5       0x31 objs/library/ntshell/text_editor.o
 .ARM.attributes
                0x00000a26       0x31 objs/library/ntshell/text_history.o
 .ARM.attributes
                0x00000a57       0x31 objs/library/ntshell/vtparse.o
 .ARM.attributes
                0x00000a88       0x31 objs/library/ntshell/vtparse_table.o
 .ARM.attributes
                0x00000ab9       0x31 objs/library/fatfs/ff.o
 .ARM.attributes
                0x00000aea       0x31 objs/app/laser_car/laser_car.o
 .ARM.attributes
                0x00000b1b       0x29 /home/hcx/Java/CodeSourcery/Sourcery_G++_Lite/bin/../lib/gcc/arm-none-eabi/4.5.2/../../../../arm-none-eabi/lib/thumb2/libc.a(lib_a-atoi.o)
 .ARM.attributes
                0x00000b44       0x29 /home/hcx/Java/CodeSourcery/Sourcery_G++_Lite/bin/../lib/gcc/arm-none-eabi/4.5.2/../../../../arm-none-eabi/lib/thumb2/libc.a(lib_a-getopt.o)
 .ARM.attributes
                0x00000b6d       0x29 /home/hcx/Java/CodeSourcery/Sourcery_G++_Lite/bin/../lib/gcc/arm-none-eabi/4.5.2/../../../../arm-none-eabi/lib/thumb2/libc.a(lib_a-impure.o)
 .ARM.attributes
                0x00000b96       0x29 /home/hcx/Java/CodeSourcery/Sourcery_G++_Lite/bin/../lib/gcc/arm-none-eabi/4.5.2/../../../../arm-none-eabi/lib/thumb2/libc.a(lib_a-memcmp.o)
 .ARM.attributes
                0x00000bbf       0x29 /home/hcx/Java/CodeSourcery/Sourcery_G++_Lite/bin/../lib/gcc/arm-none-eabi/4.5.2/../../../../arm-none-eabi/lib/thumb2/libc.a(lib_a-memset.o)
 .ARM.attributes
                0x00000be8       0x29 /home/hcx/Java/CodeSourcery/Sourcery_G++_Lite/bin/../lib/gcc/arm-none-eabi/4.5.2/../../../../arm-none-eabi/lib/thumb2/libc.a(lib_a-printf.o)
 .ARM.attributes
                0x00000c11       0x29 /home/hcx/Java/CodeSourcery/Sourcery_G++_Lite/bin/../lib/gcc/arm-none-eabi/4.5.2/../../../../arm-none-eabi/lib/thumb2/libc.a(lib_a-puts.o)
 .ARM.attributes
                0x00000c3a       0x29 /home/hcx/Java/CodeSourcery/Sourcery_G++_Lite/bin/../lib/gcc/arm-none-eabi/4.5.2/../../../../arm-none-eabi/lib/thumb2/libc.a(lib_a-strchr.o)
 .ARM.attributes
                0x00000c63       0x29 /home/hcx/Java/CodeSourcery/Sourcery_G++_Lite/bin/../lib/gcc/arm-none-eabi/4.5.2/../../../../arm-none-eabi/lib/thumb2/libc.a(lib_a-strcmp.o)
 .ARM.attributes
                0x00000c8c       0x29 /home/hcx/Java/CodeSourcery/Sourcery_G++_Lite/bin/../lib/gcc/arm-none-eabi/4.5.2/../../../../arm-none-eabi/lib/thumb2/libc.a(lib_a-strlen.o)
 .ARM.attributes
                0x00000cb5       0x29 /home/hcx/Java/CodeSourcery/Sourcery_G++_Lite/bin/../lib/gcc/arm-none-eabi/4.5.2/../../../../arm-none-eabi/lib/thumb2/libc.a(lib_a-strtol.o)
 .ARM.attributes
                0x00000cde       0x29 /home/hcx/Java/CodeSourcery/Sourcery_G++_Lite/bin/../lib/gcc/arm-none-eabi/4.5.2/../../../../arm-none-eabi/lib/thumb2/libc.a(lib_a-vfprintf.o)
 .ARM.attributes
                0x00000d07       0x29 /home/hcx/Java/CodeSourcery/Sourcery_G++_Lite/bin/../lib/gcc/arm-none-eabi/4.5.2/../../../../arm-none-eabi/lib/thumb2/libc.a(lib_a-wsetup.o)
 .ARM.attributes
                0x00000d30       0x29 /home/hcx/Java/CodeSourcery/Sourcery_G++_Lite/bin/../lib/gcc/arm-none-eabi/4.5.2/../../../../arm-none-eabi/lib/thumb2/libc.a(lib_a-ctype_.o)
 .ARM.attributes
                0x00000d59       0x29 /home/hcx/Java/CodeSourcery/Sourcery_G++_Lite/bin/../lib/gcc/arm-none-eabi/4.5.2/../../../../arm-none-eabi/lib/thumb2/libc.a(lib_a-dtoa.o)
 .ARM.attributes
                0x00000d82       0x29 /home/hcx/Java/CodeSourcery/Sourcery_G++_Lite/bin/../lib/gcc/arm-none-eabi/4.5.2/../../../../arm-none-eabi/lib/thumb2/libc.a(lib_a-fflush.o)
 .ARM.attributes
                0x00000dab       0x29 /home/hcx/Java/CodeSourcery/Sourcery_G++_Lite/bin/../lib/gcc/arm-none-eabi/4.5.2/../../../../arm-none-eabi/lib/thumb2/libc.a(lib_a-findfp.o)
 .ARM.attributes
                0x00000dd4       0x29 /home/hcx/Java/CodeSourcery/Sourcery_G++_Lite/bin/../lib/gcc/arm-none-eabi/4.5.2/../../../../arm-none-eabi/lib/thumb2/libc.a(lib_a-fprintf.o)
 .ARM.attributes
                0x00000dfd       0x29 /home/hcx/Java/CodeSourcery/Sourcery_G++_Lite/bin/../lib/gcc/arm-none-eabi/4.5.2/../../../../arm-none-eabi/lib/thumb2/libc.a(lib_a-freer.o)
 .ARM.attributes
                0x00000e26       0x29 /home/hcx/Java/CodeSourcery/Sourcery_G++_Lite/bin/../lib/gcc/arm-none-eabi/4.5.2/../../../../arm-none-eabi/lib/thumb2/libc.a(lib_a-fvwrite.o)
 .ARM.attributes
                0x00000e4f       0x29 /home/hcx/Java/CodeSourcery/Sourcery_G++_Lite/bin/../lib/gcc/arm-none-eabi/4.5.2/../../../../arm-none-eabi/lib/thumb2/libc.a(lib_a-fwalk.o)
 .ARM.attributes
                0x00000e78       0x29 /home/hcx/Java/CodeSourcery/Sourcery_G++_Lite/bin/../lib/gcc/arm-none-eabi/4.5.2/../../../../arm-none-eabi/lib/thumb2/libc.a(lib_a-getenv.o)
 .ARM.attributes
                0x00000ea1       0x29 /home/hcx/Java/CodeSourcery/Sourcery_G++_Lite/bin/../lib/gcc/arm-none-eabi/4.5.2/../../../../arm-none-eabi/lib/thumb2/libc.a(lib_a-getenv_r.o)
 .ARM.attributes
                0x00000eca       0x29 /home/hcx/Java/CodeSourcery/Sourcery_G++_Lite/bin/../lib/gcc/arm-none-eabi/4.5.2/../../../../arm-none-eabi/lib/thumb2/libc.a(lib_a-locale.o)
 .ARM.attributes
                0x00000ef3       0x29 /home/hcx/Java/CodeSourcery/Sourcery_G++_Lite/bin/../lib/gcc/arm-none-eabi/4.5.2/../../../../arm-none-eabi/lib/thumb2/libc.a(lib_a-makebuf.o)
 .ARM.attributes
                0x00000f1c       0x29 /home/hcx/Java/CodeSourcery/Sourcery_G++_Lite/bin/../lib/gcc/arm-none-eabi/4.5.2/../../../../arm-none-eabi/lib/thumb2/libc.a(lib_a-malloc.o)
 .ARM.attributes
                0x00000f45       0x29 /home/hcx/Java/CodeSourcery/Sourcery_G++_Lite/bin/../lib/gcc/arm-none-eabi/4.5.2/../../../../arm-none-eabi/lib/thumb2/libc.a(lib_a-mallocr.o)
 .ARM.attributes
                0x00000f6e       0x29 /home/hcx/Java/CodeSourcery/Sourcery_G++_Lite/bin/../lib/gcc/arm-none-eabi/4.5.2/../../../../arm-none-eabi/lib/thumb2/libc.a(lib_a-memchr.o)
 .ARM.attributes
                0x00000f97       0x29 /home/hcx/Java/CodeSourcery/Sourcery_G++_Lite/bin/../lib/gcc/arm-none-eabi/4.5.2/../../../../arm-none-eabi/lib/thumb2/libc.a(lib_a-memcpy.o)
 .ARM.attributes
                0x00000fc0       0x29 /home/hcx/Java/CodeSourcery/Sourcery_G++_Lite/bin/../lib/gcc/arm-none-eabi/4.5.2/../../../../arm-none-eabi/lib/thumb2/libc.a(lib_a-memmove.o)
 .ARM.attributes
                0x00000fe9       0x29 /home/hcx/Java/CodeSourcery/Sourcery_G++_Lite/bin/../lib/gcc/arm-none-eabi/4.5.2/../../../../arm-none-eabi/lib/thumb2/libc.a(lib_a-mlock.o)
 .ARM.attributes
                0x00001012       0x29 /home/hcx/Java/CodeSourcery/Sourcery_G++_Lite/bin/../lib/gcc/arm-none-eabi/4.5.2/../../../../arm-none-eabi/lib/thumb2/libc.a(lib_a-mprec.o)
 .ARM.attributes
                0x0000103b       0x29 /home/hcx/Java/CodeSourcery/Sourcery_G++_Lite/bin/../lib/gcc/arm-none-eabi/4.5.2/../../../../arm-none-eabi/lib/thumb2/libc.a(lib_a-reallocr.o)
 .ARM.attributes
                0x00001064       0x29 /home/hcx/Java/CodeSourcery/Sourcery_G++_Lite/bin/../lib/gcc/arm-none-eabi/4.5.2/../../../../arm-none-eabi/lib/thumb2/libc.a(lib_a-s_fpclassify.o)
 .ARM.attributes
                0x0000108d       0x29 /home/hcx/Java/CodeSourcery/Sourcery_G++_Lite/bin/../lib/gcc/arm-none-eabi/4.5.2/../../../../arm-none-eabi/lib/thumb2/libc.a(lib_a-sbrkr.o)
 .ARM.attributes
                0x000010b6       0x29 /home/hcx/Java/CodeSourcery/Sourcery_G++_Lite/bin/../lib/gcc/arm-none-eabi/4.5.2/../../../../arm-none-eabi/lib/thumb2/libc.a(lib_a-stdio.o)
 .ARM.attributes
                0x000010df       0x29 /home/hcx/Java/CodeSourcery/Sourcery_G++_Lite/bin/../lib/gcc/arm-none-eabi/4.5.2/../../../../arm-none-eabi/lib/thumb2/libc.a(lib_a-strncmp.o)
 .ARM.attributes
                0x00001108       0x29 /home/hcx/Java/CodeSourcery/Sourcery_G++_Lite/bin/../lib/gcc/arm-none-eabi/4.5.2/../../../../arm-none-eabi/lib/thumb2/libc.a(lib_a-vfiprintf.o)
 .ARM.attributes
                0x00001131       0x29 /home/hcx/Java/CodeSourcery/Sourcery_G++_Lite/bin/../lib/gcc/arm-none-eabi/4.5.2/../../../../arm-none-eabi/lib/thumb2/libc.a(lib_a-writer.o)
 .ARM.attributes
                0x0000115a       0x29 /home/hcx/Java/CodeSourcery/Sourcery_G++_Lite/bin/../lib/gcc/arm-none-eabi/4.5.2/../../../../arm-none-eabi/lib/thumb2/libc.a(lib_a-callocr.o)
 .ARM.attributes
                0x00001183       0x29 /home/hcx/Java/CodeSourcery/Sourcery_G++_Lite/bin/../lib/gcc/arm-none-eabi/4.5.2/../../../../arm-none-eabi/lib/thumb2/libc.a(lib_a-closer.o)
 .ARM.attributes
                0x000011ac       0x29 /home/hcx/Java/CodeSourcery/Sourcery_G++_Lite/bin/../lib/gcc/arm-none-eabi/4.5.2/../../../../arm-none-eabi/lib/thumb2/libc.a(lib_a-environ.o)
 .ARM.attributes
                0x000011d5       0x29 /home/hcx/Java/CodeSourcery/Sourcery_G++_Lite/bin/../lib/gcc/arm-none-eabi/4.5.2/../../../../arm-none-eabi/lib/thumb2/libc.a(lib_a-envlock.o)
 .ARM.attributes
                0x000011fe       0x29 /home/hcx/Java/CodeSourcery/Sourcery_G++_Lite/bin/../lib/gcc/arm-none-eabi/4.5.2/../../../../arm-none-eabi/lib/thumb2/libc.a(lib_a-fclose.o)
 .ARM.attributes
                0x00001227       0x29 /home/hcx/Java/CodeSourcery/Sourcery_G++_Lite/bin/../lib/gcc/arm-none-eabi/4.5.2/../../../../arm-none-eabi/lib/thumb2/libc.a(lib_a-fputwc.o)
 .ARM.attributes
                0x00001250       0x29 /home/hcx/Java/CodeSourcery/Sourcery_G++_Lite/bin/../lib/gcc/arm-none-eabi/4.5.2/../../../../arm-none-eabi/lib/thumb2/libc.a(lib_a-fstatr.o)
 .ARM.attributes
                0x00001279       0x29 /home/hcx/Java/CodeSourcery/Sourcery_G++_Lite/bin/../lib/gcc/arm-none-eabi/4.5.2/../../../../arm-none-eabi/lib/thumb2/libc.a(lib_a-isattyr.o)
 .ARM.attributes
                0x000012a2       0x29 /home/hcx/Java/CodeSourcery/Sourcery_G++_Lite/bin/../lib/gcc/arm-none-eabi/4.5.2/../../../../arm-none-eabi/lib/thumb2/libc.a(lib_a-lseekr.o)
 .ARM.attributes
                0x000012cb       0x29 /home/hcx/Java/CodeSourcery/Sourcery_G++_Lite/bin/../lib/gcc/arm-none-eabi/4.5.2/../../../../arm-none-eabi/lib/thumb2/libc.a(lib_a-readr.o)
 .ARM.attributes
                0x000012f4       0x29 /home/hcx/Java/CodeSourcery/Sourcery_G++_Lite/bin/../lib/gcc/arm-none-eabi/4.5.2/../../../../arm-none-eabi/lib/thumb2/libc.a(lib_a-reent.o)
 .ARM.attributes
                0x0000131d       0x29 /home/hcx/Java/CodeSourcery/Sourcery_G++_Lite/bin/../lib/gcc/arm-none-eabi/4.5.2/../../../../arm-none-eabi/lib/thumb2/libc.a(lib_a-wbuf.o)
 .ARM.attributes
                0x00001346       0x29 /home/hcx/Java/CodeSourcery/Sourcery_G++_Lite/bin/../lib/gcc/arm-none-eabi/4.5.2/../../../../arm-none-eabi/lib/thumb2/libc.a(lib_a-wcrtomb.o)
 .ARM.attributes
                0x0000136f       0x29 /home/hcx/Java/CodeSourcery/Sourcery_G++_Lite/bin/../lib/gcc/arm-none-eabi/4.5.2/../../../../arm-none-eabi/lib/thumb2/libc.a(lib_a-wctomb_r.o)
 .ARM.attributes
                0x00001398       0x1b /home/hcx/Java/CodeSourcery/Sourcery_G++_Lite/bin/../lib/gcc/arm-none-eabi/4.5.2/thumb2/libgcc.a(_udivsi3.o)
 .ARM.attributes
                0x000013b3       0x1b /home/hcx/Java/CodeSourcery/Sourcery_G++_Lite/bin/../lib/gcc/arm-none-eabi/4.5.2/thumb2/libgcc.a(_dvmd_tls.o)
 .ARM.attributes
                0x000013ce       0x1b /home/hcx/Java/CodeSourcery/Sourcery_G++_Lite/bin/../lib/gcc/arm-none-eabi/4.5.2/thumb2/libgcc.a(_arm_addsubdf3.o)
 .ARM.attributes
                0x000013e9       0x1b /home/hcx/Java/CodeSourcery/Sourcery_G++_Lite/bin/../lib/gcc/arm-none-eabi/4.5.2/thumb2/libgcc.a(_arm_muldivdf3.o)
 .ARM.attributes
                0x00001404       0x1b /home/hcx/Java/CodeSourcery/Sourcery_G++_Lite/bin/../lib/gcc/arm-none-eabi/4.5.2/thumb2/libgcc.a(_arm_cmpdf2.o)
 .ARM.attributes
                0x0000141f       0x1b /home/hcx/Java/CodeSourcery/Sourcery_G++_Lite/bin/../lib/gcc/arm-none-eabi/4.5.2/thumb2/libgcc.a(_arm_fixdfsi.o)
 .ARM.attributes
                0x0000143a       0x1b /home/hcx/Java/CodeSourcery/Sourcery_G++_Lite/bin/../lib/gcc/arm-none-eabi/4.5.2/thumb2/libgcc.a(_aeabi_uldivmod.o)
 .ARM.attributes
                0x00001455       0x29 /home/hcx/Java/CodeSourcery/Sourcery_G++_Lite/bin/../lib/gcc/arm-none-eabi/4.5.2/thumb2/libgcc.a(bpabi.o)
 .ARM.attributes
                0x0000147e       0x29 /home/hcx/Java/CodeSourcery/Sourcery_G++_Lite/bin/../lib/gcc/arm-none-eabi/4.5.2/thumb2/libgcc.a(_divdi3.o)
 .ARM.attributes
                0x000014a7       0x29 /home/hcx/Java/CodeSourcery/Sourcery_G++_Lite/bin/../lib/gcc/arm-none-eabi/4.5.2/thumb2/libgcc.a(_udivdi3.o)
 .ARM.attributes
                0x000014d0       0x31 library/CMSIS_V3P00/CMSIS/DSP_Lib/libcmsis.a(arm_max_q7.o)
 .ARM.attributes
                0x00001501       0x29 /home/hcx/Java/CodeSourcery/Sourcery_G++_Lite/bin/../lib/gcc/arm-none-eabi/4.5.2/thumb2/crtend.o
 .ARM.attributes
                0x0000152a       0x19 /home/hcx/Java/CodeSourcery/Sourcery_G++_Lite/bin/../lib/gcc/arm-none-eabi/4.5.2/thumb2/crtn.o
 .ARM.attributes
                0x00001543       0x29 /home/hcx/Java/CodeSourcery/Sourcery_G++_Lite/bin/../lib/gcc/arm-none-eabi/4.5.2/../../../../arm-none-eabi/lib/thumb2/libcs3.a(start_c.o)
 .ARM.attributes
                0x0000156c       0x29 /home/hcx/Java/CodeSourcery/Sourcery_G++_Lite/bin/../lib/gcc/arm-none-eabi/4.5.2/../../../../arm-none-eabi/lib/thumb2/libcs3unhosted.a(unhosted-_close.o)
 .ARM.attributes